ASxxxx Linker V03.00/V05.40 + sdld,  page 1.
Hexadecimal  [32-Bits]

Area                                    Addr        Size        Decimal Bytes (Attributes)
--------------------------------        ----        ----        ------- ----- ------------
.  .ABS.                            00000000    00000000 =           0. bytes (ABS,CON)

      Value  Global                              Global Defined In Module
      -----  --------------------------------   ------------------------
     00000000  .__.ABS.                           call_hl
     00000000  _rRAMG                             
     00000000  l__BASE                         
     00000000  l__BSS                          
     00000000  l__CABS                         
     00000000  l__CODE_0                       
     00000000  l__DABS                         
     00000000  l__FONT_HEADER                  
     00000000  l__HEADER                       
     00000000  l__HEADER_LCD                   
     00000000  l__HEADER_TIM                   
     00000000  l__HEAP                         
     00000000  l__HEAP_END                     
     00000000  l__HRAM                         
     00000000  l__LIT                          
     00000000  s__CABS                         
     00000000  s__DABS                         
     00000000  s__FONT_HEADER                  
     00000000  s__FONT_HEADER0                 
     00000000  s__HEADER                       
     00000000  s__HEADER0                      
     00000000  s__HEADER1                      
     00000000  s__HEADER10                     
     00000000  s__HEADER11                     
     00000000  s__HEADER2                      
     00000000  s__HEADER3                      
     00000000  s__HEADER4                      
     00000000  s__HEADER5                      
     00000000  s__HEADER6                      
     00000000  s__HEADER7                      
     00000000  s__HEADER8                      
     00000000  s__HEADER9                      
     00000000  s__HEADER_LCD                   
     00000000  s__HEADER_LCD0                  
     00000000  s__HEADER_TIM                   
     00000000  s__HEADER_TIM0                  
     00000000  s__HEADERa                      
     00000000  s__HEADERb                      
     00000000  s__HEADERc                      
     00000000  s__HEADERd                      
     00000000  s__HEADERe                      
     00000000  s__HEADERf                      
     00000000  s__HRAM                         
     00000000  s__HRAM12                       
     00000001  l__GSFINAL                      
     00000001  l__HEADER0                      
     00000001  l__HEADER5                      
     00000001  l__HEADERa                      
     00000001  l__HEADERb                      
     00000001  l__HEADERc                      
ASxxxx Linker V03.00/V05.40 + sdld,  page 2.
Hexadecimal  [32-Bits]

Area                                    Addr        Size        Decimal Bytes (Attributes)
--------------------------------        ----        ----        ------- ----- ------------
.  .ABS.                            00000000    00000000 =           0. bytes (ABS,CON)

      Value  Global                              Global Defined In Module
      -----  --------------------------------   ------------------------
     00000001  l__HEADERe                      
     00000001  l__HEADERf                      
     00000002  l__HEADER10                     
     00000002  l__HEADER6                      
     00000002  l__HEADERd                      
     00000003  l__FONT_HEADER0                 
     00000003  l__HEADER9                      
     00000003  l__HEADER_LCD0                  
     00000003  l__HRAM12                       
     00000005  l__HEADER1                      
     00000005  l__INITIALIZED                  
     00000005  l__INITIALIZER                  
     00000006  l__HEADER8                      
     00000007  l__HEADER2                      
     00000008  l__HEADER3                      
     00000008  l__HEADER_TIM0                  
     00000011  l__GSINIT                       
     00000030  l__HEADER7                      
     0000005D  l__DATA                         
     00000060  l__HEADER4                      
     000000AB  l__HEADER11                     
     00000200  s__CODE                         
     00000918  l__CODE                         
     00000B18  s__HOME                         
     00000C1E  l__HOME                         
     00001736  s__BASE                         
     00001736  s__CODE_0                       
     00001736  s__INITIALIZER                  
     00001736  s__LIT                          
     0000173B  s__GSINIT                       
     0000174C  s__GSFINAL                      
     00002000  _rROMB0                            
     00003000  _rROMB1                            
     00004000  _rRAMB                             
     00008000  __VRAM                             
     00008000  __VRAM8000                         
     00008800  __VRAM8800                         
     00009000  __VRAM9000                         
     00009800  __SCRN0                            
     00009C00  __SCRN1                            
     0000A000  __SRAM                             
     0000C000  __RAM                              
     0000C000  _shadow_OAM                     
     0000C0A0  s__DATA                         
     0000C0FD  s__BSS                          
     0000C0FD  s__INITIALIZED                  
     0000C102  s__HEAP                         
     0000C102  s__HEAP_END                     
     0000D000  __RAMBANK                          
     0000E000  .STACK                          
     0000FE00  __OAMRAM                           
ASxxxx Linker V03.00/V05.40 + sdld,  page 3.
Hexadecimal  [32-Bits]

Area                                    Addr        Size        Decimal Bytes (Attributes)
--------------------------------        ----        ----        ------- ----- ------------
.  .ABS.                            00000000    00000000 =           0. bytes (ABS,CON)

      Value  Global                              Global Defined In Module
      -----  --------------------------------   ------------------------
     0000FF00  _P1_REG                            
     0000FF00  __IO                               
     0000FF01  _SB_REG                            
     0000FF02  _SC_REG                            
     0000FF04  _DIV_REG                           
     0000FF05  _TIMA_REG                          
     0000FF06  _TMA_REG                           
     0000FF07  _TAC_REG                           
     0000FF0F  _IF_REG                            
     0000FF10  _NR10_REG                          
     0000FF11  _NR11_REG                          
     0000FF12  _NR12_REG                          
     0000FF13  _NR13_REG                          
     0000FF14  _NR14_REG                          
     0000FF16  _NR21_REG                          
     0000FF17  _NR22_REG                          
     0000FF18  _NR23_REG                          
     0000FF19  _NR24_REG                          
     0000FF1A  _NR30_REG                          
     0000FF1B  _NR31_REG                          
     0000FF1C  _NR32_REG                          
     0000FF1D  _NR33_REG                          
     0000FF1E  _NR34_REG                          
     0000FF20  _NR41_REG                          
     0000FF21  _NR42_REG                          
     0000FF22  _NR43_REG                          
     0000FF23  _NR44_REG                          
     0000FF24  _NR50_REG                          
     0000FF25  _NR51_REG                          
     0000FF26  _NR52_REG                          
     0000FF30  _AUD3WAVE                          
     0000FF30  _PCM_SAMPLE                        
     0000FF30  __AUD3WAVERAM                      
     0000FF40  _LCDC_REG                          
     0000FF41  _STAT_REG                          
     0000FF42  _SCY_REG                           
     0000FF43  _SCX_REG                           
     0000FF44  _LY_REG                            
     0000FF45  _LYC_REG                           
     0000FF46  _DMA_REG                           
     0000FF47  _BGP_REG                           
     0000FF48  _OBP0_REG                          
     0000FF49  _OBP1_REG                          
     0000FF4A  _WY_REG                            
     0000FF4B  _WX_REG                            
     0000FF4D  _KEY1_REG                          
     0000FF4F  _VBK_REG                           
     0000FF51  _HDMA1_REG                         
     0000FF52  _HDMA2_REG                         
     0000FF53  _HDMA3_REG                         
     0000FF54  _HDMA4_REG                         
ASxxxx Linker V03.00/V05.40 + sdld,  page 4.
Hexadecimal  [32-Bits]

Area                                    Addr        Size        Decimal Bytes (Attributes)
--------------------------------        ----        ----        ------- ----- ------------
.  .ABS.                            00000000    00000000 =           0. bytes (ABS,CON)

      Value  Global                              Global Defined In Module
      -----  --------------------------------   ------------------------
     0000FF55  _HDMA5_REG                         
     0000FF56  _RP_REG                            
     0000FF68  _BCPS_REG                          
     0000FF69  _BCPD_REG                          
     0000FF6A  _OCPS_REG                          
     0000FF6B  _OCPD_REG                          
     0000FF70  _SVBK_REG                          
     0000FF76  _PCM12_REG                         
     0000FF77  _PCM34_REG                         
     0000FF80  .refresh_OAM                    
     0000FF80  __HRAM                             
     0000FFFF  _IE_REG                            

ASxxxx Linker V03.00/V05.40 + sdld,  page 5.
Hexadecimal  [32-Bits]

Area                                    Addr        Size        Decimal Bytes (Attributes)
--------------------------------        ----        ----        ------- ----- ------------
_CODE                               00000200    00000918 =        2328. bytes (REL,CON)

      Value  Global                              Global Defined In Module
      -----  --------------------------------   ------------------------
     00000200  A$lcc105680$156                    main
     00000200  C$main.c$164$0_0$168               main
     00000200  C$main.c$166$1_0$168               main
     00000200  G$sfx_1$0$0                        main
     00000200  _sfx_1                             main
     00000202  A$lcc105680$157                    main
     00000204  A$lcc105680$161                    main
     00000204  C$main.c$167$1_0$168               main
     00000206  A$lcc105680$162                    main
     00000208  A$lcc105680$166                    main
     00000208  C$main.c$168$1_0$168               main
     0000020A  A$lcc105680$167                    main
     0000020C  A$lcc105680$171                    main
     0000020C  C$main.c$169$1_0$168               main
     0000020E  A$lcc105680$172                    main
     00000210  A$lcc105680$176                    main
     00000210  C$main.c$170$1_0$168               main
     00000212  A$lcc105680$177                    main
     00000214  A$lcc105680$185                    main
     00000214  C$main.c$171$1_0$168               main
     00000214  XG$sfx_1$0$0                       main
     00000215  G$white_tile$0_0$0                 main
     00000215  _white_tile                        main
     00000225  A$lcc105680$216                    main
     00000225  C$main.c$173$1_0$170               main
     00000225  C$main.c$175$1_0$170               main
     00000225  G$sfx_2$0$0                        main
     00000225  _sfx_2                             main
     00000227  A$lcc105680$217                    main
     00000229  A$lcc105680$221                    main
     00000229  C$main.c$176$1_0$170               main
     0000022B  A$lcc105680$222                    main
     0000022D  A$lcc105680$226                    main
     0000022D  C$main.c$177$1_0$170               main
     0000022F  A$lcc105680$227                    main
     00000231  A$lcc105680$231                    main
     00000231  C$main.c$178$1_0$170               main
     00000233  A$lcc105680$232                    main
     00000235  A$lcc105680$236                    main
     00000235  C$main.c$179$1_0$170               main
     00000237  A$lcc105680$237                    main
     00000239  A$lcc105680$245                    main
     00000239  C$main.c$180$1_0$170               main
     00000239  XG$sfx_2$0$0                       main
     0000023A  A$lcc105680$258                    main
     0000023A  C$main.c$182$1_0$172               main
     0000023A  C$main.c$184$1_0$172               main
     0000023A  G$sfx_4$0$0                        main
     0000023A  _sfx_4                             main
     0000023C  A$lcc105680$259                    main
ASxxxx Linker V03.00/V05.40 + sdld,  page 6.
Hexadecimal  [32-Bits]

Area                                    Addr        Size        Decimal Bytes (Attributes)
--------------------------------        ----        ----        ------- ----- ------------
_CODE                               00000200    00000918 =        2328. bytes (REL,CON)

      Value  Global                              Global Defined In Module
      -----  --------------------------------   ------------------------
     0000023E  A$lcc105680$263                    main
     0000023E  C$main.c$185$1_0$172               main
     00000240  A$lcc105680$264                    main
     00000242  A$lcc105680$268                    main
     00000242  C$main.c$186$1_0$172               main
     00000244  A$lcc105680$269                    main
     00000246  A$lcc105680$273                    main
     00000246  C$main.c$187$1_0$172               main
     00000248  A$lcc105680$274                    main
     0000024A  A$lcc105680$278                    main
     0000024A  C$main.c$188$1_0$172               main
     0000024C  A$lcc105680$279                    main
     0000024E  A$lcc105680$287                    main
     0000024E  C$main.c$189$1_0$172               main
     0000024E  XG$sfx_4$0$0                       main
     0000024F  A$lcc105680$300                    main
     0000024F  C$main.c$195$1_0$174               main
     0000024F  C$main.c$205$1_0$174               main
     0000024F  G$set_cpu$0$0                      main
     0000024F  _set_cpu                           main
     00000250  A$lcc105680$304                    main
     00000250  C$main.c$198$2_0$175               main
     00000253  A$lcc105680$305                    main
     00000255  A$lcc105680$306                    main
     00000257  A$lcc105680$307                    main
     0000025A  A$lcc105680$308                    main
     0000025C  A$lcc105680$313                    main
     0000025C  C$main.c$199$2_0$175               main
     0000025F  A$lcc105680$314                    main
     00000261  A$lcc105680$315                    main
     00000263  A$lcc105680$319                    main
     00000263  C$main.c$200$3_0$176               main
     00000266  A$lcc105680$323                    main
     00000266  C$main.c$201$3_0$176               main
     00000269  A$lcc105680$324                    main
     0000026B  A$lcc105680$328                    main
     0000026B  C$main.c$203$3_0$176               main
     0000026E  A$lcc105680$330                    main
     0000026F  A$lcc105680$338                    main
     0000026F  C$main.c$207$2_0$174               main
     0000026F  XG$set_cpu$0$0                     main
     00000270  A$lcc105680$351                    main
     00000270  C$main.c$209$2_0$178               main
     00000270  C$main.c$219$1_0$178               main
     00000270  G$set_timer_realtime_reg$0$0       main
     00000270  _set_timer_realtime_reg            main
     00000271  A$lcc105680$355                    main
     00000271  C$main.c$212$2_0$179               main
     00000274  A$lcc105680$356                    main
     00000276  A$lcc105680$357                    main
     00000278  A$lcc105680$361                    main
ASxxxx Linker V03.00/V05.40 + sdld,  page 7.
Hexadecimal  [32-Bits]

Area                                    Addr        Size        Decimal Bytes (Attributes)
--------------------------------        ----        ----        ------- ----- ------------
_CODE                               00000200    00000918 =        2328. bytes (REL,CON)

      Value  Global                              Global Defined In Module
      -----  --------------------------------   ------------------------
     00000278  C$main.c$213$3_0$180               main
     0000027A  A$lcc105680$362                    main
     0000027C  A$lcc105680$366                    main
     0000027C  C$main.c$214$3_0$180               main
     0000027E  A$lcc105680$367                    main
     00000280  A$lcc105680$368                    main
     00000282  A$lcc105680$373                    main
     00000282  C$main.c$216$3_0$181               main
     00000284  A$lcc105680$374                    main
     00000286  A$lcc105680$378                    main
     00000286  C$main.c$217$3_0$181               main
     00000288  A$lcc105680$379                    main
     0000028A  A$lcc105680$381                    main
     0000028B  A$lcc105680$389                    main
     0000028B  C$main.c$221$2_0$178               main
     0000028B  XG$set_timer_realtime_reg$0$0      main
     0000028C  A$lcc105680$402                    main
     0000028C  C$main.c$223$2_0$184               main
     0000028C  C$main.c$225$3_0$185               main
     0000028C  G$clear_sprite_tiles$0$0           main
     0000028C  _clear_sprite_tiles                main
     0000028E  A$lcc105680$404                    main
     0000028F  A$lcc105680$405                    main
     00000291  A$lcc105680$406                    main
     00000292  A$lcc105680$410                    main
     00000292  C$main.c$226$3_0$185               main
     00000295  A$lcc105680$411                    main
     00000296  A$lcc105680$412                    main
     00000298  A$lcc105680$413                    main
     00000299  A$lcc105680$414                    main
     0000029A  A$lcc105680$415                    main
     0000029B  A$lcc105680$416                    main
     0000029C  A$lcc105680$417                    main
     0000029F  A$lcc105680$418                    main
     000002A1  A$lcc105680$422                    main
     000002A1  C$main.c$225$2_0$184               main
     000002A2  A$lcc105680$430                    main
     000002A2  C$main.c$229$2_0$184               main
     000002A2  XG$clear_sprite_tiles$0$0          main
     000002A4  A$lcc105680$443                    main
     000002A4  C$main.c$231$2_0$187               main
     000002A4  C$main.c$233$1_0$187               main
     000002A4  G$init_system$0$0                  main
     000002A4  _init_system                       main
     000002A7  A$lcc105680$447                    main
     000002A7  C$main.c$235$1_0$187               main
     000002AA  A$lcc105680$451                    main
     000002AA  C$main.c$236$1_0$187               main
     000002AB  A$lcc105680$452                    main
     000002AC  A$lcc105680$453                    main
     000002AD  A$lcc105680$454                    main
ASxxxx Linker V03.00/V05.40 + sdld,  page 8.
Hexadecimal  [32-Bits]

Area                                    Addr        Size        Decimal Bytes (Attributes)
--------------------------------        ----        ----        ------- ----- ------------
_CODE                               00000200    00000918 =        2328. bytes (REL,CON)

      Value  Global                              Global Defined In Module
      -----  --------------------------------   ------------------------
     000002B0  A$lcc105680$455                    main
     000002B1  A$lcc105680$459                    main
     000002B1  C$main.c$238$1_0$187               main
     000002B3  A$lcc105680$460                    main
     000002B6  A$lcc105680$462                    main
     000002B7  A$lcc105680$466                    main
     000002B7  C$main.c$241$1_0$187               main
     000002B9  A$lcc105680$467                    main
     000002BB  A$lcc105680$468                    main
     000002BD  A$lcc105680$472                    main
     000002BD  C$main.c$242$1_0$187               main
     000002BF  A$lcc105680$473                    main
     000002C1  A$lcc105680$474                    main
     000002C3  A$lcc105680$478                    main
     000002C3  C$main.c$244$1_0$187               main
     000002C5  A$lcc105680$479                    main
     000002C7  A$lcc105680$480                    main
     000002C9  A$lcc105680$481                    main
     000002CB  A$lcc105680$482                    main
     000002CD  A$lcc105680$483                    main
     000002CF  A$lcc105680$487                    main
     000002CF  C$main.c$245$1_0$187               main
     000002D1  A$lcc105680$488                    main
     000002D3  A$lcc105680$489                    main
     000002D5  A$lcc105680$497                    main
     000002D5  C$main.c$247$1_0$187               main
     000002D5  XG$init_system$0$0                 main
     000002D6  A$lcc105680$510                    main
     000002D6  C$main.c$253$1_0$192               main
     000002D6  C$main.c$255$1_0$192               main
     000002D6  G$stopwatch_timer_isr$0$0          main
     000002D6  _stopwatch_timer_isr               main
     000002D9  A$lcc105680$511                    main
     000002DB  A$lcc105680$512                    main
     000002DC  A$lcc105680$516                    main
     000002DC  C$main.c$256$2_0$193               main
     000002DF  A$lcc105680$517                    main
     000002E0  A$lcc105680$518                    main
     000002E1  A$lcc105680$522                    main
     000002E1  C$main.c$257$2_0$193               main
     000002E2  A$lcc105680$523                    main
     000002E4  A$lcc105680$524                    main
     000002E5  A$lcc105680$528                    main
     000002E5  C$main.c$258$3_0$194               main
     000002E7  A$lcc105680$532                    main
     000002E7  C$main.c$259$3_0$194               main
     000002EA  A$lcc105680$533                    main
     000002EB  A$lcc105680$534                    main
     000002EC  A$lcc105680$538                    main
     000002EC  C$main.c$260$3_0$194               main
     000002EF  A$lcc105680$539                    main
ASxxxx Linker V03.00/V05.40 + sdld,  page 9.
Hexadecimal  [32-Bits]

Area                                    Addr        Size        Decimal Bytes (Attributes)
--------------------------------        ----        ----        ------- ----- ------------
_CODE                               00000200    00000918 =        2328. bytes (REL,CON)

      Value  Global                              Global Defined In Module
      -----  --------------------------------   ------------------------
     000002F1  A$lcc105680$543                    main
     000002F1  C$main.c$261$3_0$194               main
     000002F4  A$lcc105680$544                    main
     000002F5  A$lcc105680$545                    main
     000002F7  A$lcc105680$546                    main
     000002F8  A$lcc105680$550                    main
     000002F8  C$main.c$262$4_0$195               main
     000002FA  A$lcc105680$554                    main
     000002FA  C$main.c$263$4_0$195               main
     000002FD  A$lcc105680$555                    main
     000002FE  A$lcc105680$556                    main
     000002FF  A$lcc105680$564                    main
     000002FF  C$main.c$268$1_0$192               main
     000002FF  XG$stopwatch_timer_isr$0$0         main
     00000300  A$lcc105680$577                    main
     00000300  C$main.c$270$1_0$197               main
     00000300  C$main.c$274$1_0$197               main
     00000300  G$set_timer_isr_stopwatch$0$0      main
     00000300  _set_timer_isr_stopwatch           main
     00000301  A$lcc105680$581                    main
     00000301  C$main.c$273$2_0$198               main
     00000304  A$lcc105680$582                    main
     00000307  A$lcc105680$583                    main
     00000308  A$lcc105680$591                    main
     00000308  C$main.c$276$2_0$197               main
     00000308  XG$set_timer_isr_stopwatch$0$0     main
     00000309  A$lcc105680$604                    main
     00000309  C$main.c$278$2_0$200               main
     00000309  C$main.c$282$1_0$200               main
     00000309  G$clear_timer_isr_stopwatch$0$0    main
     00000309  _clear_timer_isr_stopwatch         main
     0000030A  A$lcc105680$608                    main
     0000030A  C$main.c$281$2_0$201               main
     0000030D  A$lcc105680$609                    main
     00000310  A$lcc105680$610                    main
     00000311  A$lcc105680$618                    main
     00000311  C$main.c$284$2_0$200               main
     00000311  XG$clear_timer_isr_stopwatch$0$0   main
     00000312  A$lcc105680$631                    main
     00000312  C$main.c$290$2_0$203               main
     00000312  C$main.c$292$1_0$203               main
     00000312  G$init_scene$0$0                   main
     00000312  _init_scene                        main
     00000315  A$lcc105680$632                    main
     00000316  A$lcc105680$633                    main
     00000319  A$lcc105680$634                    main
     0000031A  A$lcc105680$638                    main
     0000031A  C$main.c$293$1_0$203               main
     0000031D  A$lcc105680$639                    main
     0000031E  A$lcc105680$640                    main
     00000321  A$lcc105680$641                    main
ASxxxx Linker V03.00/V05.40 + sdld,  page 10.
Hexadecimal  [32-Bits]

Area                                    Addr        Size        Decimal Bytes (Attributes)
--------------------------------        ----        ----        ------- ----- ------------
_CODE                               00000200    00000918 =        2328. bytes (REL,CON)

      Value  Global                              Global Defined In Module
      -----  --------------------------------   ------------------------
     00000322  A$lcc105680$645                    main
     00000322  C$main.c$294$1_0$203               main
     00000325  A$lcc105680$646                    main
     00000326  A$lcc105680$647                    main
     00000329  A$lcc105680$648                    main
     0000032A  A$lcc105680$652                    main
     0000032A  C$main.c$295$1_0$203               main
     0000032D  A$lcc105680$653                    main
     0000032E  A$lcc105680$654                    main
     00000331  A$lcc105680$655                    main
     00000332  A$lcc105680$659                    main
     00000332  C$main.c$297$1_0$203               main
     00000335  A$lcc105680$660                    main
     00000336  A$lcc105680$661                    main
     00000339  A$lcc105680$662                    main
     0000033A  A$lcc105680$666                    main
     0000033A  C$main.c$298$1_0$203               main
     0000033D  A$lcc105680$667                    main
     0000033E  A$lcc105680$668                    main
     00000341  A$lcc105680$669                    main
     00000342  A$lcc105680$673                    main
     00000342  C$main.c$300$1_0$203               main
     00000345  A$lcc105680$674                    main
     00000346  A$lcc105680$675                    main
     00000349  A$lcc105680$676                    main
     0000034A  A$lcc105680$680                    main
     0000034A  C$main.c$301$1_0$203               main
     0000034D  A$lcc105680$681                    main
     0000034E  A$lcc105680$682                    main
     00000351  A$lcc105680$683                    main
     00000352  A$lcc105680$687                    main
     00000352  C$main.c$302$1_0$203               main
     00000355  A$lcc105680$688                    main
     00000356  A$lcc105680$689                    main
     00000359  A$lcc105680$690                    main
     0000035A  A$lcc105680$694                    main
     0000035A  C$main.c$303$1_0$203               main
     0000035D  A$lcc105680$695                    main
     0000035E  A$lcc105680$696                    main
     00000361  A$lcc105680$697                    main
     00000362  A$lcc105680$701                    main
     00000362  C$main.c$304$1_0$203               main
     00000365  A$lcc105680$702                    main
     00000366  A$lcc105680$703                    main
     00000369  A$lcc105680$704                    main
     0000036A  A$lcc105680$708                    main
     0000036A  C$main.c$305$1_0$203               main
     0000036D  A$lcc105680$709                    main
     0000036E  A$lcc105680$710                    main
     00000371  A$lcc105680$711                    main
     00000372  A$lcc105680$719                    main
ASxxxx Linker V03.00/V05.40 + sdld,  page 11.
Hexadecimal  [32-Bits]

Area                                    Addr        Size        Decimal Bytes (Attributes)
--------------------------------        ----        ----        ------- ----- ------------
_CODE                               00000200    00000918 =        2328. bytes (REL,CON)

      Value  Global                              Global Defined In Module
      -----  --------------------------------   ------------------------
     00000372  C$main.c$307$1_0$203               main
     00000372  XG$init_scene$0$0                  main
     00000373  Fmain$__str_0$0_0$0                main
     00000382  Fmain$__str_1$0_0$0                main
     00000395  Fmain$__str_2$0_0$0                main
     0000039E  Fmain$__str_3$0_0$0                main
     000003A9  Fmain$__str_4$0_0$0                main
     000003B4  A$lcc105680$752                    main
     000003B4  C$main.c$336$1_0$211               main
     000003B4  C$main.c$338$1_0$211               main
     000003B4  G$reset_stopwatch$0$0              main
     000003B4  _reset_stopwatch                   main
     000003B7  A$lcc105680$756                    main
     000003B7  C$main.c$340$1_0$211               main
     000003BA  A$lcc105680$757                    main
     000003BC  A$lcc105680$761                    main
     000003BC  C$main.c$342$1_0$211               main
     000003BF  A$lcc105680$762                    main
     000003C1  A$lcc105680$766                    main
     000003C1  C$main.c$343$1_0$211               main
     000003C4  A$lcc105680$767                    main
     000003C6  A$lcc105680$771                    main
     000003C6  C$main.c$344$1_0$211               main
     000003C9  A$lcc105680$772                    main
     000003CB  A$lcc105680$776                    main
     000003CB  C$main.c$346$1_0$211               main
     000003CE  A$lcc105680$777                    main
     000003CF  A$lcc105680$778                    main
     000003D2  A$lcc105680$779                    main
     000003D3  A$lcc105680$783                    main
     000003D3  C$main.c$347$1_0$211               main
     000003D6  A$lcc105680$784                    main
     000003D7  A$lcc105680$785                    main
     000003DA  A$lcc105680$786                    main
     000003DB  A$lcc105680$794                    main
     000003DB  C$main.c$349$1_0$211               main
     000003DB  XG$reset_stopwatch$0$0             main
     000003DC  Fmain$__str_5$0_0$0                main
     000003E5  A$lcc105680$811                    main
     000003E5  C$main.c$351$1_0$213               main
     000003E5  C$main.c$358$1_0$213               main
     000003E5  G$pause_stopwatch$0$0              main
     000003E5  _pause_stopwatch                   main
     000003E6  A$lcc105680$815                    main
     000003E6  C$main.c$356$2_0$214               main
     000003E7  A$lcc105680$816                    main
     000003E9  A$lcc105680$820                    main
     000003E9  C$main.c$357$2_0$214               main
     000003EC  A$lcc105680$821                    main
     000003EE  A$lcc105680$822                    main
     000003EF  A$lcc105680$826                    main
ASxxxx Linker V03.00/V05.40 + sdld,  page 12.
Hexadecimal  [32-Bits]

Area                                    Addr        Size        Decimal Bytes (Attributes)
--------------------------------        ----        ----        ------- ----- ------------
_CODE                               00000200    00000918 =        2328. bytes (REL,CON)

      Value  Global                              Global Defined In Module
      -----  --------------------------------   ------------------------
     000003EF  C$main.c$360$1_0$213               main
     000003F1  A$lcc105680$827                    main
     000003F3  A$lcc105680$831                    main
     000003F3  C$main.c$361$1_0$213               main
     000003F6  A$lcc105680$835                    main
     000003F6  C$main.c$363$1_0$213               main
     000003F9  A$lcc105680$836                    main
     000003FA  A$lcc105680$837                    main
     000003FD  A$lcc105680$838                    main
     000003FE  A$lcc105680$842                    main
     000003FE  C$main.c$364$1_0$213               main
     00000401  A$lcc105680$843                    main
     00000402  A$lcc105680$844                    main
     00000405  A$lcc105680$845                    main
     00000406  A$lcc105680$849                    main
     00000406  C$main.c$365$1_0$213               main
     00000409  A$lcc105680$850                    main
     0000040A  A$lcc105680$851                    main
     0000040D  A$lcc105680$852                    main
     0000040E  A$lcc105680$856                    main
     0000040E  C$main.c$366$1_0$213               main
     00000411  A$lcc105680$857                    main
     00000412  A$lcc105680$858                    main
     00000415  A$lcc105680$859                    main
     00000416  A$lcc105680$867                    main
     00000416  C$main.c$368$1_0$213               main
     00000416  XG$pause_stopwatch$0$0             main
     00000417  Fmain$__str_6$0_0$0                main
     0000041D  Fmain$__str_7$0_0$0                main
     00000428  A$lcc105680$888                    main
     00000428  C$main.c$370$1_0$216               main
     00000428  C$main.c$375$1_0$216               main
     00000428  G$start_stopwatch$0$0              main
     00000428  _start_stopwatch                   main
     00000429  A$lcc105680$892                    main
     00000429  C$main.c$373$2_0$217               main
     0000042C  A$lcc105680$893                    main
     0000042E  A$lcc105680$894                    main
     00000430  A$lcc105680$895                    main
     00000432  A$lcc105680$896                    main
     00000434  A$lcc105680$898                    main
     00000436  A$lcc105680$902                    main
     00000436  C$main.c$374$2_0$217               main
     00000439  A$lcc105680$903                    main
     0000043B  A$lcc105680$904                    main
     0000043C  A$lcc105680$908                    main
     0000043C  C$main.c$377$1_0$216               main
     0000043E  A$lcc105680$909                    main
     00000440  A$lcc105680$913                    main
     00000440  C$main.c$378$1_0$216               main
     00000443  A$lcc105680$917                    main
ASxxxx Linker V03.00/V05.40 + sdld,  page 13.
Hexadecimal  [32-Bits]

Area                                    Addr        Size        Decimal Bytes (Attributes)
--------------------------------        ----        ----        ------- ----- ------------
_CODE                               00000200    00000918 =        2328. bytes (REL,CON)

      Value  Global                              Global Defined In Module
      -----  --------------------------------   ------------------------
     00000443  C$main.c$380$1_0$216               main
     00000446  A$lcc105680$918                    main
     00000447  A$lcc105680$919                    main
     0000044A  A$lcc105680$920                    main
     0000044B  A$lcc105680$924                    main
     0000044B  C$main.c$381$1_0$216               main
     0000044E  A$lcc105680$925                    main
     0000044F  A$lcc105680$926                    main
     00000452  A$lcc105680$927                    main
     00000453  A$lcc105680$931                    main
     00000453  C$main.c$382$1_0$216               main
     00000456  A$lcc105680$932                    main
     00000457  A$lcc105680$933                    main
     0000045A  A$lcc105680$934                    main
     0000045B  A$lcc105680$938                    main
     0000045B  C$main.c$383$1_0$216               main
     0000045E  A$lcc105680$939                    main
     0000045F  A$lcc105680$940                    main
     00000462  A$lcc105680$941                    main
     00000463  A$lcc105680$949                    main
     00000463  C$main.c$385$1_0$216               main
     00000463  XG$start_stopwatch$0$0             main
     00000464  Fmain$__str_8$0_0$0                main
     0000046A  Fmain$__str_9$0_0$0                main
     00000475  A$lcc105680$967                    main
     00000475  C$main.c$387$1_0$219               main
     00000475  G$handle_inputs$0$0                main
     00000475  _handle_inputs                     main
     00000476  A$lcc105680$971                    main
     00000476  C$main.c$390$1_0$219               main
     00000479  A$lcc105680$972                    main
     0000047B  A$lcc105680$973                    main
     0000047C  A$lcc105680$977                    main
     0000047C  C$main.c$392$1_0$219               main
     0000047F  A$lcc105680$978                    main
     00000481  A$lcc105680$979                    main
     00000483  A$lcc105680$980                    main
     00000486  A$lcc105680$981                    main
     00000488  A$lcc105680$982                    main
     0000048A  A$lcc105680$986                    main
     0000048A  C$main.c$393$2_0$220               main
     0000048D  A$lcc105680$987                    main
     0000048F  A$lcc105680$988                    main
     00000491  A$lcc105680$989                    main
     00000494  A$lcc105680$990                    main
     00000496  A$lcc105680$995                    main
     00000496  C$main.c$394$2_0$220               main
     00000499  A$lcc105680$1000                   main
     00000499  C$main.c$396$1_0$219               main
     0000049C  A$lcc105680$1001                   main
     0000049E  A$lcc105680$1002                   main
ASxxxx Linker V03.00/V05.40 + sdld,  page 14.
Hexadecimal  [32-Bits]

Area                                    Addr        Size        Decimal Bytes (Attributes)
--------------------------------        ----        ----        ------- ----- ------------
_CODE                               00000200    00000918 =        2328. bytes (REL,CON)

      Value  Global                              Global Defined In Module
      -----  --------------------------------   ------------------------
     000004A0  A$lcc105680$1003                   main
     000004A3  A$lcc105680$1004                   main
     000004A5  A$lcc105680$1005                   main
     000004A7  A$lcc105680$1006                   main
     000004AA  A$lcc105680$1007                   main
     000004AC  A$lcc105680$1008                   main
     000004AE  A$lcc105680$1012                   main
     000004AE  C$main.c$397$2_0$221               main
     000004B1  A$lcc105680$1017                   main
     000004B1  C$main.c$400$1_0$219               main
     000004B3  A$lcc105680$1018                   main
     000004B4  A$lcc105680$1019                   main
     000004B7  A$lcc105680$1023                   main
     000004B8  A$lcc105680$1028                   main
     000004B8  C$main.c$402$1_0$219               main
     000004B8  XG$handle_inputs$0$0               main
     000004B9  A$lcc105680$1038                   main
     000004B9  C$main.c$424$1_0$246               main
     000004B9  G$handle_stopwatch$0$0             main
     000004B9  _handle_stopwatch                  main
     000004BA  A$lcc105680$1042                   main
     000004BA  C$main.c$426$1_0$246               main
     000004BD  A$lcc105680$1043                   main
     000004BF  A$lcc105680$1044                   main
     000004C2  A$lcc105680$1046                   main
     000004C5  A$lcc105680$1047                   main
     000004C6  A$lcc105680$1048                   main
     000004C7  A$lcc105680$1049                   main
     000004CA  A$lcc105680$1050                   main
     000004CB  A$lcc105680$1053                   main
     000004CD  A$lcc105680$1056                   main
     000004CE  A$lcc105680$1057                   main
     000004D0  A$lcc105680$1058                   main
     000004D1  A$lcc105680$1059                   main
     000004D2  A$lcc105680$1060                   main
     000004D3  A$lcc105680$1061                   main
     000004D4  A$lcc105680$1062                   main
     000004D7  A$lcc105680$1063                   main
     000004D9  A$lcc105680$1064                   main
     000004DA  A$lcc105680$1066                   main
     000004DC  A$lcc105680$1067                   main
     000004DF  A$lcc105680$1068                   main
     000004E0  A$lcc105680$1069                   main
     000004E2  A$lcc105680$1070                   main
     000004E3  A$lcc105680$1071                   main
     000004E5  A$lcc105680$1073                   main
     000004E7  A$lcc105680$1075                   main
     000004EA  A$lcc105680$1078                   main
     000004ED  A$lcc105680$1079                   main
     000004EE  A$lcc105680$1080                   main
     000004F1  A$lcc105680$1081                   main
ASxxxx Linker V03.00/V05.40 + sdld,  page 15.
Hexadecimal  [32-Bits]

Area                                    Addr        Size        Decimal Bytes (Attributes)
--------------------------------        ----        ----        ------- ----- ------------
_CODE                               00000200    00000918 =        2328. bytes (REL,CON)

      Value  Global                              Global Defined In Module
      -----  --------------------------------   ------------------------
     000004F2  A$lcc105680$1082                   main
     000004F3  A$lcc105680$1083                   main
     000004F4  A$lcc105680$1087                   main
     000004F6  A$lcc105680$1088                   main
     000004F8  A$lcc105680$1090                   main
     000004FA  A$lcc105680$1091                   main
     000004FB  A$lcc105680$1092                   main
     000004FE  A$lcc105680$1093                   main
     000004FF  A$lcc105680$1094                   main
     00000501  A$lcc105680$1096                   main
     00000504  A$lcc105680$1097                   main
     00000506  A$lcc105680$1098                   main
     00000507  A$lcc105680$1101                   main
     00000508  A$lcc105680$1102                   main
     00000509  A$lcc105680$1103                   main
     0000050A  A$lcc105680$1104                   main
     0000050B  A$lcc105680$1105                   main
     0000050E  A$lcc105680$1107                   main
     00000510  A$lcc105680$1108                   main
     00000511  A$lcc105680$1109                   main
     00000513  A$lcc105680$1114                   main
     00000515  A$lcc105680$1116                   main
     00000518  A$lcc105680$1117                   main
     0000051A  A$lcc105680$1118                   main
     0000051B  A$lcc105680$1119                   main
     0000051C  A$lcc105680$1120                   main
     0000051D  A$lcc105680$1121                   main
     0000051E  A$lcc105680$1122                   main
     00000520  A$lcc105680$1124                   main
     00000521  A$lcc105680$1125                   main
     00000523  A$lcc105680$1126                   main
     00000525  A$lcc105680$1127                   main
     00000527  A$lcc105680$1128                   main
     00000528  A$lcc105680$1129                   main
     0000052A  A$lcc105680$1131                   main
     0000052D  A$lcc105680$1132                   main
     0000052E  A$lcc105680$1133                   main
     00000530  A$lcc105680$1134                   main
     00000531  A$lcc105680$1138                   main
     00000532  A$lcc105680$1141                   main
     00000533  A$lcc105680$1142                   main
     00000534  A$lcc105680$1143                   main
     00000535  A$lcc105680$1144                   main
     00000536  A$lcc105680$1145                   main
     00000537  A$lcc105680$1146                   main
     0000053A  A$lcc105680$1147                   main
     0000053B  A$lcc105680$1150                   main
     0000053C  A$lcc105680$1151                   main
     0000053E  A$lcc105680$1155                   main
     00000541  A$lcc105680$1156                   main
     00000542  A$lcc105680$1157                   main
ASxxxx Linker V03.00/V05.40 + sdld,  page 16.
Hexadecimal  [32-Bits]

Area                                    Addr        Size        Decimal Bytes (Attributes)
--------------------------------        ----        ----        ------- ----- ------------
_CODE                               00000200    00000918 =        2328. bytes (REL,CON)

      Value  Global                              Global Defined In Module
      -----  --------------------------------   ------------------------
     00000543  A$lcc105680$1158                   main
     00000545  A$lcc105680$1161                   main
     00000546  A$lcc105680$1162                   main
     00000547  A$lcc105680$1163                   main
     0000054A  A$lcc105680$1164                   main
     0000054B  A$lcc105680$1165                   main
     0000054C  A$lcc105680$1166                   main
     0000054D  A$lcc105680$1167                   main
     00000550  A$lcc105680$1168                   main
     00000552  A$lcc105680$1170                   main
     00000554  A$lcc105680$1171                   main
     00000557  A$lcc105680$1172                   main
     00000558  A$lcc105680$1173                   main
     0000055A  A$lcc105680$1174                   main
     0000055B  A$lcc105680$1175                   main
     0000055D  A$lcc105680$1177                   main
     0000055F  A$lcc105680$1179                   main
     00000562  A$lcc105680$1182                   main
     00000565  A$lcc105680$1183                   main
     00000566  A$lcc105680$1184                   main
     00000569  A$lcc105680$1185                   main
     0000056A  A$lcc105680$1189                   main
     0000056C  A$lcc105680$1191                   main
     0000056D  A$lcc105680$1192                   main
     00000570  A$lcc105680$1193                   main
     00000571  A$lcc105680$1194                   main
     00000573  A$lcc105680$1196                   main
     00000576  A$lcc105680$1197                   main
     00000578  A$lcc105680$1198                   main
     00000579  A$lcc105680$1201                   main
     0000057A  A$lcc105680$1202                   main
     0000057B  A$lcc105680$1205                   main
     0000057C  A$lcc105680$1206                   main
     0000057D  A$lcc105680$1207                   main
     0000057E  A$lcc105680$1208                   main
     0000057F  A$lcc105680$1209                   main
     00000580  A$lcc105680$1210                   main
     00000583  A$lcc105680$1211                   main
     00000584  A$lcc105680$1213                   main
     00000585  A$lcc105680$1214                   main
     00000587  A$lcc105680$1219                   main
     00000589  A$lcc105680$1221                   main
     0000058C  A$lcc105680$1222                   main
     0000058E  A$lcc105680$1223                   main
     0000058F  A$lcc105680$1224                   main
     00000590  A$lcc105680$1225                   main
     00000591  A$lcc105680$1226                   main
     00000592  A$lcc105680$1227                   main
     00000594  A$lcc105680$1229                   main
     00000595  A$lcc105680$1230                   main
     00000597  A$lcc105680$1231                   main
ASxxxx Linker V03.00/V05.40 + sdld,  page 17.
Hexadecimal  [32-Bits]

Area                                    Addr        Size        Decimal Bytes (Attributes)
--------------------------------        ----        ----        ------- ----- ------------
_CODE                               00000200    00000918 =        2328. bytes (REL,CON)

      Value  Global                              Global Defined In Module
      -----  --------------------------------   ------------------------
     00000599  A$lcc105680$1232                   main
     0000059B  A$lcc105680$1233                   main
     0000059C  A$lcc105680$1234                   main
     0000059E  A$lcc105680$1236                   main
     000005A1  A$lcc105680$1237                   main
     000005A2  A$lcc105680$1238                   main
     000005A4  A$lcc105680$1239                   main
     000005A5  A$lcc105680$1243                   main
     000005A6  A$lcc105680$1244                   main
     000005A7  A$lcc105680$1247                   main
     000005A8  A$lcc105680$1248                   main
     000005A9  A$lcc105680$1249                   main
     000005AA  A$lcc105680$1250                   main
     000005AB  A$lcc105680$1251                   main
     000005AC  A$lcc105680$1252                   main
     000005AF  A$lcc105680$1253                   main
     000005B0  A$lcc105680$1256                   main
     000005B1  A$lcc105680$1257                   main
     000005B3  A$lcc105680$1261                   main
     000005B6  A$lcc105680$1262                   main
     000005B9  A$lcc105680$1263                   main
     000005BA  A$lcc105680$1264                   main
     000005BB  A$lcc105680$1265                   main
     000005BD  A$lcc105680$1268                   main
     000005BE  A$lcc105680$1269                   main
     000005BF  A$lcc105680$1270                   main
     000005C0  A$lcc105680$1271                   main
     000005C1  A$lcc105680$1272                   main
     000005C2  A$lcc105680$1273                   main
     000005C5  A$lcc105680$1274                   main
     000005C7  A$lcc105680$1276                   main
     000005C9  A$lcc105680$1277                   main
     000005CC  A$lcc105680$1278                   main
     000005CD  A$lcc105680$1279                   main
     000005CF  A$lcc105680$1280                   main
     000005D0  A$lcc105680$1281                   main
     000005D2  A$lcc105680$1283                   main
     000005D4  A$lcc105680$1285                   main
     000005D7  A$lcc105680$1288                   main
     000005DA  A$lcc105680$1289                   main
     000005DB  A$lcc105680$1290                   main
     000005DE  A$lcc105680$1291                   main
     000005DF  A$lcc105680$1295                   main
     000005DF  C$main.c$318$1_0$246               main
     000005E1  A$lcc105680$1297                   main
     000005E2  A$lcc105680$1298                   main
     000005E5  A$lcc105680$1299                   main
     000005E6  A$lcc105680$1300                   main
     000005E8  A$lcc105680$1302                   main
     000005EB  A$lcc105680$1303                   main
     000005ED  A$lcc105680$1304                   main
ASxxxx Linker V03.00/V05.40 + sdld,  page 18.
Hexadecimal  [32-Bits]

Area                                    Addr        Size        Decimal Bytes (Attributes)
--------------------------------        ----        ----        ------- ----- ------------
_CODE                               00000200    00000918 =        2328. bytes (REL,CON)

      Value  Global                              Global Defined In Module
      -----  --------------------------------   ------------------------
     000005EE  A$lcc105680$1307                   main
     000005EF  A$lcc105680$1308                   main
     000005F0  A$lcc105680$1311                   main
     000005F1  A$lcc105680$1312                   main
     000005F2  A$lcc105680$1313                   main
     000005F3  A$lcc105680$1314                   main
     000005F4  A$lcc105680$1315                   main
     000005F5  A$lcc105680$1316                   main
     000005F8  A$lcc105680$1317                   main
     000005F9  A$lcc105680$1319                   main
     000005FA  A$lcc105680$1320                   main
     000005FC  A$lcc105680$1325                   main
     000005FC  C$main.c$322$1_0$246               main
     000005FE  A$lcc105680$1327                   main
     00000601  A$lcc105680$1328                   main
     00000603  A$lcc105680$1329                   main
     00000604  A$lcc105680$1330                   main
     00000605  A$lcc105680$1331                   main
     00000606  A$lcc105680$1332                   main
     00000607  A$lcc105680$1333                   main
     00000609  A$lcc105680$1335                   main
     0000060A  A$lcc105680$1336                   main
     0000060C  A$lcc105680$1337                   main
     0000060E  A$lcc105680$1338                   main
     00000610  A$lcc105680$1339                   main
     00000611  A$lcc105680$1340                   main
     00000613  A$lcc105680$1342                   main
     00000616  A$lcc105680$1343                   main
     00000617  A$lcc105680$1344                   main
     00000619  A$lcc105680$1345                   main
     0000061A  A$lcc105680$1349                   main
     0000061B  A$lcc105680$1350                   main
     0000061C  A$lcc105680$1353                   main
     0000061D  A$lcc105680$1354                   main
     0000061E  A$lcc105680$1355                   main
     0000061F  A$lcc105680$1356                   main
     00000620  A$lcc105680$1357                   main
     00000621  A$lcc105680$1358                   main
     00000624  A$lcc105680$1359                   main
     00000625  A$lcc105680$1362                   main
     00000626  A$lcc105680$1363                   main
     00000628  A$lcc105680$1367                   main
     00000629  A$lcc105680$1368                   main
     0000062A  A$lcc105680$1369                   main
     0000062B  A$lcc105680$1370                   main
     0000062D  A$lcc105680$1371                   main
     0000062F  A$lcc105680$1372                   main
     00000632  A$lcc105680$1376                   main
     00000632  C$main.c$429$2_0$247               main
     00000635  A$lcc105680$1377                   main
     00000637  A$lcc105680$1378                   main
ASxxxx Linker V03.00/V05.40 + sdld,  page 19.
Hexadecimal  [32-Bits]

Area                                    Addr        Size        Decimal Bytes (Attributes)
--------------------------------        ----        ----        ------- ----- ------------
_CODE                               00000200    00000918 =        2328. bytes (REL,CON)

      Value  Global                              Global Defined In Module
      -----  --------------------------------   ------------------------
     00000639  A$lcc105680$1382                   main
     00000639  C$main.c$430$3_0$248               main
     0000063B  A$lcc105680$1383                   main
     0000063D  A$lcc105680$1387                   main
     0000063D  C$main.c$431$3_0$248               main
     00000640  A$lcc105680$1391                   main
     00000640  C$main.c$432$3_0$248               main
     00000643  A$lcc105680$1392                   main
     00000645  A$lcc105680$1397                   main
     00000646  A$lcc105680$1402                   main
     00000646  C$main.c$436$1_0$246               main
     00000646  XG$handle_stopwatch$0$0            main
     00000647  A$lcc105680$1415                   main
     00000647  C$main.c$442$1_0$274               main
     00000647  C$main.c$444$1_0$274               main
     00000647  G$init_game$0$0                    main
     00000647  _init_game                         main
     0000064A  A$lcc105680$1419                   main
     0000064A  C$main.c$445$1_0$274               main
     0000064D  A$lcc105680$1420                   main
     0000064E  A$lcc105680$1421                   main
     00000651  A$lcc105680$1422                   main
     00000652  A$lcc105680$1423                   main
     00000655  A$lcc105680$1424                   main
     00000656  A$lcc105680$1425                   main
     00000657  A$lcc105680$1426                   main
     00000658  A$lcc105680$1430                   main
     00000658  C$main.c$447$1_0$274               main
     0000065B  A$lcc105680$1434                   main
     0000065B  C$main.c$448$1_0$274               main
     0000065E  A$lcc105680$1445                   main
     0000065E  C$main.c$450$1_0$274               main
     0000065E  C$main.c$452$1_0$274               main
     0000065E  XG$init_game$0$0                   main
     00000661  A$lcc105680$1458                   main
     00000661  C$main.c$458$1_0$276               main
     00000661  C$main.c$460$1_0$276               main
     00000661  G$main$0$0                         main
     00000661  _main                              main
     00000664  A$lcc105680$1462                   main
     00000664  C$main.c$461$1_0$276               main
     00000667  A$lcc105680$1470                   main
     00000667  C$main.c$463$1_0$276               main
     00000667  C$main.c$464$2_0$277               main
     0000066A  A$lcc105680$1474                   main
     0000066A  C$main.c$465$2_0$277               main
     0000066D  A$lcc105680$1478                   main
     0000066D  C$main.c$466$2_0$277               main
     00000670  A$lcc105680$1486                   main
     00000670  C$main.c$469$1_0$276               main
     00000670  XG$main$0$0                        main
ASxxxx Linker V03.00/V05.40 + sdld,  page 20.
Hexadecimal  [32-Bits]

Area                                    Addr        Size        Decimal Bytes (Attributes)
--------------------------------        ----        ----        ------- ----- ------------
_CODE                               00000200    00000918 =        2328. bytes (REL,CON)

      Value  Global                              Global Defined In Module
      -----  --------------------------------   ------------------------
     00000672  _set_vram_byte                     
     0000067B  _set_win_tile_xy                   
     00000684  _set_bkg_tile_xy                   
     000006B3  _printf                            printf
     000006C8  _cpu_slow                          CGB
     000006E3  _cpu_fast                          CGB
     000006EA  _get_win_xy_addr                   
     000006F2  _get_bkg_xy_addr                   
     00000711  _cgb_compatibility                 CGB
     00000711  _set_default_palette               CGB
     0000072A  _set_sprite_palette                CGB
     0000072F  _set_bkg_palette                   CGB
     00000732  .set_palette                       CGB
     00000751  _set_sprite_palette_entry          CGB
     00000756  _set_bkg_palette_entry             CGB
     00000759  .set_palette_entry                 CGB
     000007AC  ___printf                          sprintf
     00000AF7  _sprintf                           sprintf

ASxxxx Linker V03.00/V05.40 + sdld,  page 21.
Hexadecimal  [32-Bits]

Area                                    Addr        Size        Decimal Bytes (Attributes)
--------------------------------        ----        ----        ------- ----- ------------
_HEADER0                            00000000    00000001 =           1. bytes (ABS,CON)

      Value  Global                              Global Defined In Module
      -----  --------------------------------   ------------------------
     00000020  .call_hl                           Runtime

ASxxxx Linker V03.00/V05.40 + sdld,  page 22.
Hexadecimal  [32-Bits]

Area                                    Addr        Size        Decimal Bytes (Attributes)
--------------------------------        ----        ----        ------- ----- ------------
_HEADER1                            00000000    00000005 =           5. bytes (ABS,CON)

      Value  Global                              Global Defined In Module
      -----  --------------------------------   ------------------------
     00000028  .MemsetSmall                       Runtime

ASxxxx Linker V03.00/V05.40 + sdld,  page 23.
Hexadecimal  [32-Bits]

Area                                    Addr        Size        Decimal Bytes (Attributes)
--------------------------------        ----        ----        ------- ----- ------------
_HEADER2                            00000000    00000007 =           7. bytes (ABS,CON)

      Value  Global                              Global Defined In Module
      -----  --------------------------------   ------------------------
     00000030  .MemcpySmall                       Runtime

ASxxxx Linker V03.00/V05.40 + sdld,  page 24.
Hexadecimal  [32-Bits]

Area                                    Addr        Size        Decimal Bytes (Attributes)
--------------------------------        ----        ----        ------- ----- ------------
_HEADER3                            00000000    00000008 =           8. bytes (ABS,CON)

      Value  Global                              Global Defined In Module
      -----  --------------------------------   ------------------------
ASxxxx Linker V03.00/V05.40 + sdld,  page 25.
Hexadecimal  [32-Bits]

Area                                    Addr        Size        Decimal Bytes (Attributes)
--------------------------------        ----        ----        ------- ----- ------------
_HEADER4                            00000000    00000060 =          96. bytes (ABS,CON)

      Value  Global                              Global Defined In Module
      -----  --------------------------------   ------------------------
     00000080  .int                               Runtime
     0000008F  _wait_int_handler                  Runtime
     0000009C  __standard_VBL_handler             Runtime
     000000AB  _refresh_OAM                       Runtime
     000000CC  _set_interrupts                    Runtime

ASxxxx Linker V03.00/V05.40 + sdld,  page 26.
Hexadecimal  [32-Bits]

Area                                    Addr        Size        Decimal Bytes (Attributes)
--------------------------------        ----        ----        ------- ----- ------------
_HEADER5                            00000000    00000001 =           1. bytes (ABS,CON)

      Value  Global                              Global Defined In Module
      -----  --------------------------------   ------------------------
ASxxxx Linker V03.00/V05.40 + sdld,  page 27.
Hexadecimal  [32-Bits]

Area                                    Addr        Size        Decimal Bytes (Attributes)
--------------------------------        ----        ----        ------- ----- ------------
_HEADER6                            00000000    00000002 =           2. bytes (ABS,CON)

      Value  Global                              Global Defined In Module
      -----  --------------------------------   ------------------------
ASxxxx Linker V03.00/V05.40 + sdld,  page 28.
Hexadecimal  [32-Bits]

Area                                    Addr        Size        Decimal Bytes (Attributes)
--------------------------------        ----        ----        ------- ----- ------------
_HEADER7                            00000000    00000030 =          48. bytes (ABS,CON)

      Value  Global                              Global Defined In Module
      -----  --------------------------------   ------------------------
ASxxxx Linker V03.00/V05.40 + sdld,  page 29.
Hexadecimal  [32-Bits]

Area                                    Addr        Size        Decimal Bytes (Attributes)
--------------------------------        ----        ----        ------- ----- ------------
_HEADER8                            00000000    00000006 =           6. bytes (ABS,CON)

      Value  Global                              Global Defined In Module
      -----  --------------------------------   ------------------------
ASxxxx Linker V03.00/V05.40 + sdld,  page 30.
Hexadecimal  [32-Bits]

Area                                    Addr        Size        Decimal Bytes (Attributes)
--------------------------------        ----        ----        ------- ----- ------------
_HEADER9                            00000000    00000003 =           3. bytes (ABS,CON)

      Value  Global                              Global Defined In Module
      -----  --------------------------------   ------------------------
ASxxxx Linker V03.00/V05.40 + sdld,  page 31.
Hexadecimal  [32-Bits]

Area                                    Addr        Size        Decimal Bytes (Attributes)
--------------------------------        ----        ----        ------- ----- ------------
_HEADERa                            00000000    00000001 =           1. bytes (ABS,CON)

      Value  Global                              Global Defined In Module
      -----  --------------------------------   ------------------------
ASxxxx Linker V03.00/V05.40 + sdld,  page 32.
Hexadecimal  [32-Bits]

Area                                    Addr        Size        Decimal Bytes (Attributes)
--------------------------------        ----        ----        ------- ----- ------------
_HEADERb                            00000000    00000001 =           1. bytes (ABS,CON)

      Value  Global                              Global Defined In Module
      -----  --------------------------------   ------------------------
ASxxxx Linker V03.00/V05.40 + sdld,  page 33.
Hexadecimal  [32-Bits]

Area                                    Addr        Size        Decimal Bytes (Attributes)
--------------------------------        ----        ----        ------- ----- ------------
_HEADERc                            00000000    00000001 =           1. bytes (ABS,CON)

      Value  Global                              Global Defined In Module
      -----  --------------------------------   ------------------------
ASxxxx Linker V03.00/V05.40 + sdld,  page 34.
Hexadecimal  [32-Bits]

Area                                    Addr        Size        Decimal Bytes (Attributes)
--------------------------------        ----        ----        ------- ----- ------------
_HEADERd                            00000000    00000002 =           2. bytes (ABS,CON)

      Value  Global                              Global Defined In Module
      -----  --------------------------------   ------------------------
ASxxxx Linker V03.00/V05.40 + sdld,  page 35.
Hexadecimal  [32-Bits]

Area                                    Addr        Size        Decimal Bytes (Attributes)
--------------------------------        ----        ----        ------- ----- ------------
_HEADERe                            00000000    00000001 =           1. bytes (ABS,CON)

      Value  Global                              Global Defined In Module
      -----  --------------------------------   ------------------------
ASxxxx Linker V03.00/V05.40 + sdld,  page 36.
Hexadecimal  [32-Bits]

Area                                    Addr        Size        Decimal Bytes (Attributes)
--------------------------------        ----        ----        ------- ----- ------------
_HEADERf                            00000000    00000001 =           1. bytes (ABS,CON)

      Value  Global                              Global Defined In Module
      -----  --------------------------------   ------------------------
ASxxxx Linker V03.00/V05.40 + sdld,  page 37.
Hexadecimal  [32-Bits]

Area                                    Addr        Size        Decimal Bytes (Attributes)
--------------------------------        ----        ----        ------- ----- ------------
_HEADER10                           00000000    00000002 =           2. bytes (ABS,CON)

      Value  Global                              Global Defined In Module
      -----  --------------------------------   ------------------------
ASxxxx Linker V03.00/V05.40 + sdld,  page 38.
Hexadecimal  [32-Bits]

Area                                    Addr        Size        Decimal Bytes (Attributes)
--------------------------------        ----        ----        ------- ----- ------------
_HEADER11                           00000000    000000AB =         171. bytes (ABS,CON)

      Value  Global                              Global Defined In Module
      -----  --------------------------------   ------------------------
     00000150  .reset                             Runtime
     00000150  _reset                             Runtime
     00000157  .code_start                        Runtime
     000001B9  _exit                              Runtime
     000001BD  .wait_vbl_done                     Runtime
     000001BD  _vsync                             Runtime
     000001BD  _wait_vbl_done                     Runtime
     000001CD  .remove_VBL                        Runtime
     000001CD  _remove_VBL                        Runtime
     000001D0  .remove_int                        Runtime
     000001ED  .add_VBL                           Runtime
     000001ED  _add_VBL                           Runtime
     000001F0  .add_int                           Runtime

ASxxxx Linker V03.00/V05.40 + sdld,  page 39.
Hexadecimal  [32-Bits]

Area                                    Addr        Size        Decimal Bytes (Attributes)
--------------------------------        ----        ----        ------- ----- ------------
_HOME                               00000B18    00000C1E =        3102. bytes (REL,CON)

      Value  Global                              Global Defined In Module
      -----  --------------------------------   ------------------------
     00000B18  .memset_simple                     Runtime
     00000B21  .memcpy_simple                     Runtime
     00000B3E  .display_off                       Runtime
     00000B3E  _display_off                       Runtime
     00000B56  _uitoa                             itoa
     00000B65  _itoa                              itoa
     00000B74  .itoa                              itoa
     00000B88  .utoa                              itoa
     00000BFC  _font_load_ibm                     font.ms
     00000C03  font_load                          font.ms
     00000C4B  font_copy_current                  font.ms
     00000C81  font_set                           font.ms
     00000C8E  .put_char                          font.ms
     00000CA6  .out_char                          font.ms
     00000CAC  .del_char                          font.ms
     00000D02  _putchar                           font.ms
     00000D0B  _setchar                           font.ms
     00000D14  _font_load                         font.ms
     00000D22  _font_set                          font.ms
     00000D31  _font_init                         font.ms
     00000D50  .cls                               font.ms
     00000D50  _cls                               font.ms
     00000D72  _gotoxy                            font.ms
     00000D7D  _posx                              font.ms
     00000D8E  _posy                              font.ms
     00000DB6  .cr_curs                           font.ms
     00000DCB  .adv_curs                          font.ms
     00000E27  .tmode                             font.ms
     00000E44  .tmode_out                         font.ms
     00000E4D  _add_TIM                           
     00000E50  _font_spect                        font_spect
     000011D2  _set_tile_data                     
     000011D7  _set_bkg_data                      
     000011D7  _set_win_data                      
     000011DF  _set_sprite_data                   
     0000120F  .add_TIM                           
     00001215  .remove_TIM                        
     00001215  _remove_TIM                        
     0000121B  _init_win                          
     00001224  _init_bkg                          
     0000122D  _vmemset                           
     0000123E  .padup                             
     0000123E  _waitpadup                         
     0000124E  .jpad                              
     0000124E  _joypad                            
     00001276  _waitpad                           
     00001277  .wait_pad                          
     0000127E  _color                             
     0000127E  _set_1bpp_colors_ex                
     0000128D  .drawing_lcd                       
ASxxxx Linker V03.00/V05.40 + sdld,  page 40.
Hexadecimal  [32-Bits]

Area                                    Addr        Size        Decimal Bytes (Attributes)
--------------------------------        ----        ----        ------- ----- ------------
_HOME                               00000B18    00000C1E =        3102. bytes (REL,CON)

      Value  Global                              Global Defined In Module
      -----  --------------------------------   ------------------------
     000012AA  _font_ibm                          
     0000168B  .add_LCD                           
     0000168B  _add_LCD                           
     00001691  .remove_LCD                        
     00001691  _remove_LCD                        
     00001697  .init_wtt                          
     0000169F  .init_btt                          
     000016AD  .init_tt                           
     000016B0  .init_vram                         
     000016D5  _set_bkg_1bpp_data                 
     000016D5  _set_win_1bpp_data                 
     000016DD  _set_sprite_1bpp_data              
     00001735  ___sdcc_call_hl                    call_hl
ASxxxx Linker V03.00/V05.40 + sdld,  page 41.
Hexadecimal  [32-Bits]

Area                                    Addr        Size        Decimal Bytes (Attributes)
--------------------------------        ----        ----        ------- ----- ------------
_INITIALIZER                        00001736    00000005 =           5. bytes (REL,CON)

      Value  Global                              Global Defined In Module
      -----  --------------------------------   ------------------------
ASxxxx Linker V03.00/V05.40 + sdld,  page 42.
Hexadecimal  [32-Bits]

Area                                    Addr        Size        Decimal Bytes (Attributes)
--------------------------------        ----        ----        ------- ----- ------------
_GSINIT                             0000173B    00000011 =          17. bytes (REL,CON)

      Value  Global                              Global Defined In Module
      -----  --------------------------------   ------------------------
     0000173B  gsinit                             Runtime
     00001747  A$lcc105680$133                    main
     00001747  C$main.c$389$1_0$219               main
     0000174A  A$lcc105680$134                    main

ASxxxx Linker V03.00/V05.40 + sdld,  page 43.
Hexadecimal  [32-Bits]

Area                                    Addr        Size        Decimal Bytes (Attributes)
--------------------------------        ----        ----        ------- ----- ------------
_GSFINAL                            0000174C    00000001 =           1. bytes (REL,CON)

      Value  Global                              Global Defined In Module
      -----  --------------------------------   ------------------------
ASxxxx Linker V03.00/V05.40 + sdld,  page 44.
Hexadecimal  [32-Bits]

Area                                    Addr        Size        Decimal Bytes (Attributes)
--------------------------------        ----        ----        ------- ----- ------------
_DATA                               0000C0A0    0000005D =          93. bytes (REL,CON)

      Value  Global                              Global Defined In Module
      -----  --------------------------------   ------------------------
     0000C0A0  __cpu                              Runtime
     0000C0A1  __is_GBA                           Runtime
     0000C0A2  .mode                              Runtime
     0000C0A3  .sys_time                          Runtime
     0000C0A3  _sys_time                          Runtime
     0000C0A5  .int_0x40                          Runtime
     0000C0B1  G$is_gbc$0_0$0                     main
     0000C0B1  _is_gbc                            main
     0000C0B2  G$is_cpu_fast$0_0$0                main
     0000C0B2  _is_cpu_fast                       main
     0000C0B3  G$font$0_0$0                       main
     0000C0B3  _font                              main
     0000C0B5  G$text_LUT_ascii_base_idx$0_0$0    main
     0000C0B5  _text_LUT_ascii_base_idx           main
     0000C0B6  G$num_buffer$0_0$0                 main
     0000C0B6  _num_buffer                        main
     0000C0BC  G$num_zeros$0_0$0                  main
     0000C0BC  _num_zeros                         main
     0000C0BD  G$stopwatch$0_0$0                  main
     0000C0BD  _stopwatch                         main
     0000C0BE  G$play_tick_sfx$0_0$0              main
     0000C0BE  _play_tick_sfx                     main
     0000C0BF  G$minutes$0_0$0                    main
     0000C0BF  _minutes                           main
     0000C0C0  G$seconds$0_0$0                    main
     0000C0C0  _seconds                           main
     0000C0C1  G$hundredths$0_0$0                 main
     0000C0C1  _hundredths                        main
     0000C0C2  G$num_buffer_minutes$0_0$0         main
     0000C0C2  _num_buffer_minutes                main
     0000C0C8  G$num_buffer_seconds$0_0$0         main
     0000C0C8  _num_buffer_seconds                main
     0000C0CE  G$num_buffer_hundredths$0_0$0      main
     0000C0CE  _num_buffer_hundredths             main
     0000C0D4  Lmain.handle_inputs$prev_joypad$   main
     0000C0D5  font_current                       font.ms
     0000C0D8  font_first_free_tile               font.ms
     0000C0D9  font_table                         font.ms
     0000C0EB  .int_0x50                          
     0000C0F5  .int_0x48                          

ASxxxx Linker V03.00/V05.40 + sdld,  page 45.
Hexadecimal  [32-Bits]

Area                                    Addr        Size        Decimal Bytes (Attributes)
--------------------------------        ----        ----        ------- ----- ------------
_INITIALIZED                        0000C0FD    00000005 =           5. bytes (REL,CON)

      Value  Global                              Global Defined In Module
      -----  --------------------------------   ------------------------
     0000C0FD  .curx                              font.ms
     0000C0FE  .cury                              font.ms
     0000C0FF  .fg_colour                         
     0000C0FF  __current_1bpp_colors              
     0000C100  .bg_colour                         
     0000C101  .draw_mode                         
ASxxxx Linker V03.00/V05.40 + sdld,  page 46.
Hexadecimal  [32-Bits]

Area                                    Addr        Size        Decimal Bytes (Attributes)
--------------------------------        ----        ----        ------- ----- ------------
_HRAM12                             00000000    00000003 =           3. bytes (ABS,CON)

      Value  Global                              Global Defined In Module
      -----  --------------------------------   ------------------------
     0000FF90  __current_bank                     Runtime
     0000FF92  __shadow_OAM_base                  Runtime

ASxxxx Linker V03.00/V05.40 + sdld,  page 47.
Hexadecimal  [32-Bits]

Area                                    Addr        Size        Decimal Bytes (Attributes)
--------------------------------        ----        ----        ------- ----- ------------
_FONT_HEADER0                       00000000    00000003 =           3. bytes (ABS,CON)

      Value  Global                              Global Defined In Module
      -----  --------------------------------   ------------------------
ASxxxx Linker V03.00/V05.40 + sdld,  page 48.
Hexadecimal  [32-Bits]

Area                                    Addr        Size        Decimal Bytes (Attributes)
--------------------------------        ----        ----        ------- ----- ------------
_HEADER_TIM0                        00000000    00000008 =           8. bytes (ABS,CON)

      Value  Global                              Global Defined In Module
      -----  --------------------------------   ------------------------
ASxxxx Linker V03.00/V05.40 + sdld,  page 49.
Hexadecimal  [32-Bits]

Area                                    Addr        Size        Decimal Bytes (Attributes)
--------------------------------        ----        ----        ------- ----- ------------
_HEADER_LCD0                        00000000    00000003 =           3. bytes (ABS,CON)

      Value  Global                              Global Defined In Module
      -----  --------------------------------   ------------------------
ASxxxx Linker V03.00/V05.40 + sdld,  page 50.

Files Linked                              [ module(s) ]

C:\Users\Spenser\Home\dev\tools\gbdk\lib/gb/crt0.o
                                          [ Runtime ]
C:\Users\Spenser\AppData\Local\Temp/lcc105680.o
                                          [ main ]


Libraries Linked                          [ object file ]

C:\Users\Spenser\Home\dev\tools\gbdk\lib/sm83/sm83.lib
                                          [ itoa.o ]
C:\Users\Spenser\Home\dev\tools\gbdk\lib/gb/gb.lib
                                          [ sfr.o ]
C:\Users\Spenser\Home\dev\tools\gbdk\lib/gb/gb.lib
                                          [ font.o ]
C:\Users\Spenser\Home\dev\tools\gbdk\lib/gb/gb.lib
                                          [ tim.o ]
C:\Users\Spenser\Home\dev\tools\gbdk\lib/gb/gb.lib
                                          [ set_tile.o ]
C:\Users\Spenser\Home\dev\tools\gbdk\lib/gb/gb.lib
                                          [ f_spect.o ]
C:\Users\Spenser\Home\dev\tools\gbdk\lib/gb/gb.lib
                                          [ set_data.o ]
C:\Users\Spenser\Home\dev\tools\gbdk\lib/gb/gb.lib
                                          [ tim_common.o ]
C:\Users\Spenser\Home\dev\tools\gbdk\lib/gb/gb.lib
                                          [ init_vram.o ]
C:\Users\Spenser\Home\dev\tools\gbdk\lib/gb/gb.lib
                                          [ pad.o ]
C:\Users\Spenser\Home\dev\tools\gbdk\lib/gb/gb.lib
                                          [ color.o ]
C:\Users\Spenser\Home\dev\tools\gbdk\lib/gb/gb.lib
                                          [ drawing_isr.o ]
C:\Users\Spenser\Home\dev\tools\gbdk\lib/gb/gb.lib
                                          [ f_ibm_sh.o ]
C:\Users\Spenser\Home\dev\tools\gbdk\lib/gb/gb.lib
                                          [ lcd.o ]
C:\Users\Spenser\Home\dev\tools\gbdk\lib/sm83/sm83.lib
                                          [ printf.o ]
C:\Users\Spenser\Home\dev\tools\gbdk\lib/gb/gb.lib
                                          [ cgb.o ]
C:\Users\Spenser\Home\dev\tools\gbdk\lib/gb/gb.lib
                                          [ init_tt.o ]
C:\Users\Spenser\Home\dev\tools\gbdk\lib/gb/gb.lib
                                          [ get_addr.o ]
C:\Users\Spenser\Home\dev\tools\gbdk\lib/gb/gb.lib
                                          [ cgb_compat.o ]
C:\Users\Spenser\Home\dev\tools\gbdk\lib/gb/gb.lib
                                          [ set_1bit_data.o ]
C:\Users\Spenser\Home\dev\tools\gbdk\lib/gb/gb.lib
                                          [ cgb_palettes.o ]
C:\Users\Spenser\Home\dev\tools\gbdk\lib/sm83/sm83.lib
                                          [ sprintf.o ]
C:\Users\Spenser\Home\dev\tools\gbdk\lib/sm83/sm83.lib
                                          [ __sdcc_call_hl.o ]

ASxxxx Linker V03.00/V05.40 + sdld,  page 51.

User Base Address Definitions

_DATA=0xC0A0
_CODE=0x0200
ASxxxx Linker V03.00/V05.40 + sdld,  page 52.

User Global Definitions

_shadow_OAM=0xC000
.STACK=0xE000
.refresh_OAM=0xFF80

