ASxxxx Linker V03.00/V05.40 + sdld,  page 1.
Hexadecimal  [32-Bits]

Area                                    Addr        Size        Decimal Bytes (Attributes)
--------------------------------        ----        ----        ------- ----- ------------
.  .ABS.                            00000000    00000000 =           0. bytes (ABS,CON)

      Value  Global                              Global Defined In Module
      -----  --------------------------------   ------------------------
     00000000  .__.ABS.                           call_hl
     00000000  _rRAMG                             
     00000000  l__BASE                         
     00000000  l__BSS                          
     00000000  l__CABS                         
     00000000  l__CODE_0                       
     00000000  l__DABS                         
     00000000  l__FONT_HEADER                  
     00000000  l__HEADER                       
     00000000  l__HEADER_LCD                   
     00000000  l__HEADER_TIM                   
     00000000  l__HEAP                         
     00000000  l__HEAP_END                     
     00000000  l__HRAM                         
     00000000  l__LIT                          
     00000000  s__CABS                         
     00000000  s__DABS                         
     00000000  s__FONT_HEADER                  
     00000000  s__FONT_HEADER0                 
     00000000  s__HEADER                       
     00000000  s__HEADER0                      
     00000000  s__HEADER1                      
     00000000  s__HEADER10                     
     00000000  s__HEADER11                     
     00000000  s__HEADER2                      
     00000000  s__HEADER3                      
     00000000  s__HEADER4                      
     00000000  s__HEADER5                      
     00000000  s__HEADER6                      
     00000000  s__HEADER7                      
     00000000  s__HEADER8                      
     00000000  s__HEADER9                      
     00000000  s__HEADER_LCD                   
     00000000  s__HEADER_LCD0                  
     00000000  s__HEADER_TIM                   
     00000000  s__HEADER_TIM0                  
     00000000  s__HEADERa                      
     00000000  s__HEADERb                      
     00000000  s__HEADERc                      
     00000000  s__HEADERd                      
     00000000  s__HEADERe                      
     00000000  s__HEADERf                      
     00000000  s__HRAM                         
     00000000  s__HRAM12                       
     00000001  l__GSFINAL                      
     00000001  l__HEADER0                      
     00000001  l__HEADER5                      
     00000001  l__HEADERa                      
     00000001  l__HEADERb                      
     00000001  l__HEADERc                      
ASxxxx Linker V03.00/V05.40 + sdld,  page 2.
Hexadecimal  [32-Bits]

Area                                    Addr        Size        Decimal Bytes (Attributes)
--------------------------------        ----        ----        ------- ----- ------------
.  .ABS.                            00000000    00000000 =           0. bytes (ABS,CON)

      Value  Global                              Global Defined In Module
      -----  --------------------------------   ------------------------
     00000001  l__HEADERe                      
     00000001  l__HEADERf                      
     00000002  l__HEADER10                     
     00000002  l__HEADER6                      
     00000002  l__HEADERd                      
     00000003  l__FONT_HEADER0                 
     00000003  l__HEADER9                      
     00000003  l__HEADER_LCD0                  
     00000003  l__HRAM12                       
     00000005  l__HEADER1                      
     00000005  l__INITIALIZED                  
     00000005  l__INITIALIZER                  
     00000006  l__HEADER8                      
     00000007  l__HEADER2                      
     00000008  l__HEADER3                      
     00000008  l__HEADER_TIM0                  
     00000011  l__GSINIT                       
     00000030  l__HEADER7                      
     00000043  l__DATA                         
     00000060  l__HEADER4                      
     000000AB  l__HEADER11                     
     00000200  s__CODE                         
     000009AA  l__CODE                         
     00000BAA  s__HOME                         
     00000C1E  l__HOME                         
     000017C8  s__BASE                         
     000017C8  s__CODE_0                       
     000017C8  s__INITIALIZER                  
     000017C8  s__LIT                          
     000017CD  s__GSINIT                       
     000017DE  s__GSFINAL                      
     00002000  _rROMB0                            
     00003000  _rROMB1                            
     00004000  _rRAMB                             
     00008000  __VRAM                             
     00008000  __VRAM8000                         
     00008800  __VRAM8800                         
     00009000  __VRAM9000                         
     00009800  __SCRN0                            
     00009C00  __SCRN1                            
     0000A000  __SRAM                             
     0000C000  __RAM                              
     0000C000  _shadow_OAM                     
     0000C0A0  s__DATA                         
     0000C0E3  s__BSS                          
     0000C0E3  s__INITIALIZED                  
     0000C0E8  s__HEAP                         
     0000C0E8  s__HEAP_END                     
     0000D000  __RAMBANK                          
     0000E000  .STACK                          
     0000FE00  __OAMRAM                           
ASxxxx Linker V03.00/V05.40 + sdld,  page 3.
Hexadecimal  [32-Bits]

Area                                    Addr        Size        Decimal Bytes (Attributes)
--------------------------------        ----        ----        ------- ----- ------------
.  .ABS.                            00000000    00000000 =           0. bytes (ABS,CON)

      Value  Global                              Global Defined In Module
      -----  --------------------------------   ------------------------
     0000FF00  _P1_REG                            
     0000FF00  __IO                               
     0000FF01  _SB_REG                            
     0000FF02  _SC_REG                            
     0000FF04  _DIV_REG                           
     0000FF05  _TIMA_REG                          
     0000FF06  _TMA_REG                           
     0000FF07  _TAC_REG                           
     0000FF0F  _IF_REG                            
     0000FF10  _NR10_REG                          
     0000FF11  _NR11_REG                          
     0000FF12  _NR12_REG                          
     0000FF13  _NR13_REG                          
     0000FF14  _NR14_REG                          
     0000FF16  _NR21_REG                          
     0000FF17  _NR22_REG                          
     0000FF18  _NR23_REG                          
     0000FF19  _NR24_REG                          
     0000FF1A  _NR30_REG                          
     0000FF1B  _NR31_REG                          
     0000FF1C  _NR32_REG                          
     0000FF1D  _NR33_REG                          
     0000FF1E  _NR34_REG                          
     0000FF20  _NR41_REG                          
     0000FF21  _NR42_REG                          
     0000FF22  _NR43_REG                          
     0000FF23  _NR44_REG                          
     0000FF24  _NR50_REG                          
     0000FF25  _NR51_REG                          
     0000FF26  _NR52_REG                          
     0000FF30  _AUD3WAVE                          
     0000FF30  _PCM_SAMPLE                        
     0000FF30  __AUD3WAVERAM                      
     0000FF40  _LCDC_REG                          
     0000FF41  _STAT_REG                          
     0000FF42  _SCY_REG                           
     0000FF43  _SCX_REG                           
     0000FF44  _LY_REG                            
     0000FF45  _LYC_REG                           
     0000FF46  _DMA_REG                           
     0000FF47  _BGP_REG                           
     0000FF48  _OBP0_REG                          
     0000FF49  _OBP1_REG                          
     0000FF4A  _WY_REG                            
     0000FF4B  _WX_REG                            
     0000FF4D  _KEY1_REG                          
     0000FF4F  _VBK_REG                           
     0000FF51  _HDMA1_REG                         
     0000FF52  _HDMA2_REG                         
     0000FF53  _HDMA3_REG                         
     0000FF54  _HDMA4_REG                         
ASxxxx Linker V03.00/V05.40 + sdld,  page 4.
Hexadecimal  [32-Bits]

Area                                    Addr        Size        Decimal Bytes (Attributes)
--------------------------------        ----        ----        ------- ----- ------------
.  .ABS.                            00000000    00000000 =           0. bytes (ABS,CON)

      Value  Global                              Global Defined In Module
      -----  --------------------------------   ------------------------
     0000FF55  _HDMA5_REG                         
     0000FF56  _RP_REG                            
     0000FF68  _BCPS_REG                          
     0000FF69  _BCPD_REG                          
     0000FF6A  _OCPS_REG                          
     0000FF6B  _OCPD_REG                          
     0000FF70  _SVBK_REG                          
     0000FF76  _PCM12_REG                         
     0000FF77  _PCM34_REG                         
     0000FF80  .refresh_OAM                    
     0000FF80  __HRAM                             
     0000FFFF  _IE_REG                            

ASxxxx Linker V03.00/V05.40 + sdld,  page 5.
Hexadecimal  [32-Bits]

Area                                    Addr        Size        Decimal Bytes (Attributes)
--------------------------------        ----        ----        ------- ----- ------------
_CODE                               00000200    000009AA =        2474. bytes (REL,CON)

      Value  Global                              Global Defined In Module
      -----  --------------------------------   ------------------------
     00000200  A$lcc92440$131                     main
     00000200  C$main.c$170$0_0$168               main
     00000200  C$main.c$172$1_0$168               main
     00000200  G$sfx_1$0$0                        main
     00000200  _sfx_1                             main
     00000202  A$lcc92440$132                     main
     00000204  A$lcc92440$136                     main
     00000204  C$main.c$173$1_0$168               main
     00000206  A$lcc92440$137                     main
     00000208  A$lcc92440$141                     main
     00000208  C$main.c$174$1_0$168               main
     0000020A  A$lcc92440$142                     main
     0000020C  A$lcc92440$146                     main
     0000020C  C$main.c$175$1_0$168               main
     0000020E  A$lcc92440$147                     main
     00000210  A$lcc92440$151                     main
     00000210  C$main.c$176$1_0$168               main
     00000212  A$lcc92440$152                     main
     00000214  A$lcc92440$160                     main
     00000214  C$main.c$177$1_0$168               main
     00000214  XG$sfx_1$0$0                       main
     00000215  G$white_tile$0_0$0                 main
     00000215  _white_tile                        main
     00000225  G$MilTable128$0_0$0                main
     00000225  _MilTable128                       main
     000003A5  A$lcc92440$449                     main
     000003A5  C$main.c$179$1_0$170               main
     000003A5  C$main.c$181$1_0$170               main
     000003A5  G$sfx_2$0$0                        main
     000003A5  _sfx_2                             main
     000003A7  A$lcc92440$450                     main
     000003A9  A$lcc92440$454                     main
     000003A9  C$main.c$182$1_0$170               main
     000003AB  A$lcc92440$455                     main
     000003AD  A$lcc92440$459                     main
     000003AD  C$main.c$183$1_0$170               main
     000003AF  A$lcc92440$460                     main
     000003B1  A$lcc92440$464                     main
     000003B1  C$main.c$184$1_0$170               main
     000003B3  A$lcc92440$465                     main
     000003B5  A$lcc92440$469                     main
     000003B5  C$main.c$185$1_0$170               main
     000003B7  A$lcc92440$470                     main
     000003B9  A$lcc92440$478                     main
     000003B9  C$main.c$186$1_0$170               main
     000003B9  XG$sfx_2$0$0                       main
     000003BA  A$lcc92440$491                     main
     000003BA  C$main.c$188$1_0$172               main
     000003BA  C$main.c$190$1_0$172               main
     000003BA  G$sfx_4$0$0                        main
ASxxxx Linker V03.00/V05.40 + sdld,  page 6.
Hexadecimal  [32-Bits]

Area                                    Addr        Size        Decimal Bytes (Attributes)
--------------------------------        ----        ----        ------- ----- ------------
_CODE                               00000200    000009AA =        2474. bytes (REL,CON)

      Value  Global                              Global Defined In Module
      -----  --------------------------------   ------------------------
     000003BA  _sfx_4                             main
     000003BC  A$lcc92440$492                     main
     000003BE  A$lcc92440$496                     main
     000003BE  C$main.c$191$1_0$172               main
     000003C0  A$lcc92440$497                     main
     000003C2  A$lcc92440$501                     main
     000003C2  C$main.c$192$1_0$172               main
     000003C4  A$lcc92440$502                     main
     000003C6  A$lcc92440$506                     main
     000003C6  C$main.c$193$1_0$172               main
     000003C8  A$lcc92440$507                     main
     000003CA  A$lcc92440$511                     main
     000003CA  C$main.c$194$1_0$172               main
     000003CC  A$lcc92440$512                     main
     000003CE  A$lcc92440$520                     main
     000003CE  C$main.c$195$1_0$172               main
     000003CE  XG$sfx_4$0$0                       main
     000003CF  A$lcc92440$533                     main
     000003CF  C$main.c$201$1_0$174               main
     000003CF  C$main.c$211$1_0$174               main
     000003CF  G$set_cpu$0$0                      main
     000003CF  _set_cpu                           main
     000003D0  A$lcc92440$537                     main
     000003D0  C$main.c$204$2_0$175               main
     000003D3  A$lcc92440$538                     main
     000003D5  A$lcc92440$539                     main
     000003D7  A$lcc92440$540                     main
     000003DA  A$lcc92440$541                     main
     000003DC  A$lcc92440$546                     main
     000003DC  C$main.c$205$2_0$175               main
     000003DF  A$lcc92440$547                     main
     000003E1  A$lcc92440$548                     main
     000003E3  A$lcc92440$552                     main
     000003E3  C$main.c$206$3_0$176               main
     000003E6  A$lcc92440$556                     main
     000003E6  C$main.c$207$3_0$176               main
     000003E9  A$lcc92440$557                     main
     000003EB  A$lcc92440$561                     main
     000003EB  C$main.c$209$3_0$176               main
     000003EE  A$lcc92440$563                     main
     000003EF  A$lcc92440$571                     main
     000003EF  C$main.c$213$2_0$174               main
     000003EF  XG$set_cpu$0$0                     main
     000003F0  A$lcc92440$584                     main
     000003F0  C$main.c$215$2_0$179               main
     000003F0  C$main.c$217$3_0$180               main
     000003F0  G$clear_sprite_tiles$0$0           main
     000003F0  _clear_sprite_tiles                main
     000003F2  A$lcc92440$586                     main
     000003F3  A$lcc92440$587                     main
     000003F5  A$lcc92440$588                     main
ASxxxx Linker V03.00/V05.40 + sdld,  page 7.
Hexadecimal  [32-Bits]

Area                                    Addr        Size        Decimal Bytes (Attributes)
--------------------------------        ----        ----        ------- ----- ------------
_CODE                               00000200    000009AA =        2474. bytes (REL,CON)

      Value  Global                              Global Defined In Module
      -----  --------------------------------   ------------------------
     000003F6  A$lcc92440$592                     main
     000003F6  C$main.c$218$3_0$180               main
     000003F9  A$lcc92440$593                     main
     000003FA  A$lcc92440$594                     main
     000003FC  A$lcc92440$595                     main
     000003FD  A$lcc92440$596                     main
     000003FE  A$lcc92440$597                     main
     000003FF  A$lcc92440$598                     main
     00000400  A$lcc92440$599                     main
     00000403  A$lcc92440$600                     main
     00000405  A$lcc92440$604                     main
     00000405  C$main.c$217$2_0$179               main
     00000406  A$lcc92440$612                     main
     00000406  C$main.c$221$2_0$179               main
     00000406  XG$clear_sprite_tiles$0$0          main
     00000408  A$lcc92440$625                     main
     00000408  C$main.c$223$2_0$182               main
     00000408  C$main.c$225$1_0$182               main
     00000408  G$init_system$0$0                  main
     00000408  _init_system                       main
     0000040B  A$lcc92440$629                     main
     0000040B  C$main.c$227$1_0$182               main
     0000040E  A$lcc92440$633                     main
     0000040E  C$main.c$228$1_0$182               main
     0000040F  A$lcc92440$634                     main
     00000410  A$lcc92440$635                     main
     00000411  A$lcc92440$636                     main
     00000414  A$lcc92440$637                     main
     00000415  A$lcc92440$641                     main
     00000415  C$main.c$230$1_0$182               main
     00000417  A$lcc92440$642                     main
     0000041A  A$lcc92440$646                     main
     0000041A  C$main.c$232$1_0$182               main
     0000041C  A$lcc92440$647                     main
     0000041E  A$lcc92440$648                     main
     00000420  A$lcc92440$652                     main
     00000420  C$main.c$233$1_0$182               main
     00000422  A$lcc92440$653                     main
     00000424  A$lcc92440$654                     main
     00000426  A$lcc92440$658                     main
     00000426  C$main.c$235$1_0$182               main
     00000428  A$lcc92440$659                     main
     0000042A  A$lcc92440$660                     main
     0000042C  A$lcc92440$661                     main
     0000042E  A$lcc92440$662                     main
     00000430  A$lcc92440$663                     main
     00000432  A$lcc92440$667                     main
     00000432  C$main.c$236$1_0$182               main
     00000434  A$lcc92440$668                     main
     00000436  A$lcc92440$669                     main
     00000438  A$lcc92440$677                     main
ASxxxx Linker V03.00/V05.40 + sdld,  page 8.
Hexadecimal  [32-Bits]

Area                                    Addr        Size        Decimal Bytes (Attributes)
--------------------------------        ----        ----        ------- ----- ------------
_CODE                               00000200    000009AA =        2474. bytes (REL,CON)

      Value  Global                              Global Defined In Module
      -----  --------------------------------   ------------------------
     00000438  C$main.c$238$1_0$182               main
     00000438  XG$init_system$0$0                 main
     00000439  A$lcc92440$690                     main
     00000439  C$main.c$244$1_0$184               main
     00000439  C$main.c$254$1_0$184               main
     00000439  G$set_timer_reg_stopwatch$0$0      main
     00000439  _set_timer_reg_stopwatch           main
     0000043A  A$lcc92440$694                     main
     0000043A  C$main.c$248$2_0$185               main
     0000043D  A$lcc92440$695                     main
     0000043F  A$lcc92440$696                     main
     00000441  A$lcc92440$700                     main
     00000441  C$main.c$249$3_0$186               main
     00000443  A$lcc92440$701                     main
     00000445  A$lcc92440$702                     main
     00000447  A$lcc92440$707                     main
     00000447  C$main.c$252$3_0$187               main
     00000449  A$lcc92440$708                     main
     0000044B  A$lcc92440$710                     main
     0000044C  A$lcc92440$718                     main
     0000044C  C$main.c$256$2_0$184               main
     0000044C  XG$set_timer_reg_stopwatch$0$0     main
     0000044D  A$lcc92440$731                     main
     0000044D  C$main.c$258$2_0$189               main
     0000044D  C$main.c$260$1_0$189               main
     0000044D  G$stopwatch_timer_isr$0$0          main
     0000044D  _stopwatch_timer_isr               main
     00000450  A$lcc92440$732                     main
     00000452  A$lcc92440$733                     main
     00000453  A$lcc92440$737                     main
     00000453  C$main.c$261$2_0$190               main
     00000456  A$lcc92440$738                     main
     00000457  A$lcc92440$739                     main
     00000458  A$lcc92440$740                     main
     0000045A  A$lcc92440$741                     main
     0000045B  A$lcc92440$745                     main
     0000045B  C$main.c$263$2_0$190               main
     0000045C  A$lcc92440$746                     main
     0000045D  A$lcc92440$747                     main
     0000045E  A$lcc92440$751                     main
     0000045E  C$main.c$282$3_0$191               main
     00000461  A$lcc92440$752                     main
     00000463  A$lcc92440$753                     main
     00000464  A$lcc92440$754                     main
     00000467  A$lcc92440$758                     main
     00000467  C$main.c$284$3_0$191               main
     0000046A  A$lcc92440$759                     main
     0000046C  A$lcc92440$763                     main
     0000046C  C$main.c$286$3_0$191               main
     0000046F  A$lcc92440$764                     main
     00000470  A$lcc92440$765                     main
ASxxxx Linker V03.00/V05.40 + sdld,  page 9.
Hexadecimal  [32-Bits]

Area                                    Addr        Size        Decimal Bytes (Attributes)
--------------------------------        ----        ----        ------- ----- ------------
_CODE                               00000200    000009AA =        2474. bytes (REL,CON)

      Value  Global                              Global Defined In Module
      -----  --------------------------------   ------------------------
     00000472  A$lcc92440$766                     main
     00000473  A$lcc92440$770                     main
     00000473  C$main.c$287$4_0$192               main
     00000475  A$lcc92440$774                     main
     00000475  C$main.c$289$4_0$192               main
     00000478  A$lcc92440$775                     main
     0000047A  A$lcc92440$776                     main
     0000047B  A$lcc92440$777                     main
     0000047E  A$lcc92440$785                     main
     0000047E  C$main.c$294$1_0$189               main
     0000047E  XG$stopwatch_timer_isr$0$0         main
     0000047F  A$lcc92440$798                     main
     0000047F  C$main.c$296$1_0$194               main
     0000047F  C$main.c$300$1_0$194               main
     0000047F  G$set_timer_isr_stopwatch$0$0      main
     0000047F  _set_timer_isr_stopwatch           main
     00000480  A$lcc92440$802                     main
     00000480  C$main.c$299$2_0$195               main
     00000483  A$lcc92440$803                     main
     00000486  A$lcc92440$804                     main
     00000487  A$lcc92440$812                     main
     00000487  C$main.c$302$2_0$194               main
     00000487  XG$set_timer_isr_stopwatch$0$0     main
     00000488  A$lcc92440$825                     main
     00000488  C$main.c$304$2_0$197               main
     00000488  C$main.c$308$1_0$197               main
     00000488  G$clear_timer_isr_stopwatch$0$0    main
     00000488  _clear_timer_isr_stopwatch         main
     00000489  A$lcc92440$829                     main
     00000489  C$main.c$307$2_0$198               main
     0000048C  A$lcc92440$830                     main
     0000048F  A$lcc92440$831                     main
     00000490  A$lcc92440$839                     main
     00000490  C$main.c$310$2_0$197               main
     00000490  XG$clear_timer_isr_stopwatch$0$0   main
     00000491  A$lcc92440$852                     main
     00000491  C$main.c$316$2_0$200               main
     00000491  C$main.c$318$1_0$200               main
     00000491  G$init_scene$0$0                   main
     00000491  _init_scene                        main
     00000494  A$lcc92440$853                     main
     00000495  A$lcc92440$854                     main
     00000498  A$lcc92440$855                     main
     00000499  A$lcc92440$859                     main
     00000499  C$main.c$319$1_0$200               main
     0000049C  A$lcc92440$860                     main
     0000049D  A$lcc92440$861                     main
     000004A0  A$lcc92440$862                     main
     000004A1  A$lcc92440$866                     main
     000004A1  C$main.c$320$1_0$200               main
     000004A4  A$lcc92440$867                     main
ASxxxx Linker V03.00/V05.40 + sdld,  page 10.
Hexadecimal  [32-Bits]

Area                                    Addr        Size        Decimal Bytes (Attributes)
--------------------------------        ----        ----        ------- ----- ------------
_CODE                               00000200    000009AA =        2474. bytes (REL,CON)

      Value  Global                              Global Defined In Module
      -----  --------------------------------   ------------------------
     000004A5  A$lcc92440$868                     main
     000004A8  A$lcc92440$869                     main
     000004A9  A$lcc92440$873                     main
     000004A9  C$main.c$321$1_0$200               main
     000004AC  A$lcc92440$874                     main
     000004AD  A$lcc92440$875                     main
     000004B0  A$lcc92440$876                     main
     000004B1  A$lcc92440$880                     main
     000004B1  C$main.c$323$1_0$200               main
     000004B4  A$lcc92440$881                     main
     000004B5  A$lcc92440$882                     main
     000004B8  A$lcc92440$883                     main
     000004B9  A$lcc92440$887                     main
     000004B9  C$main.c$324$1_0$200               main
     000004BC  A$lcc92440$888                     main
     000004BD  A$lcc92440$889                     main
     000004C0  A$lcc92440$890                     main
     000004C1  A$lcc92440$894                     main
     000004C1  C$main.c$326$1_0$200               main
     000004C4  A$lcc92440$895                     main
     000004C5  A$lcc92440$896                     main
     000004C8  A$lcc92440$897                     main
     000004C9  A$lcc92440$901                     main
     000004C9  C$main.c$327$1_0$200               main
     000004CC  A$lcc92440$902                     main
     000004CD  A$lcc92440$903                     main
     000004D0  A$lcc92440$904                     main
     000004D1  A$lcc92440$908                     main
     000004D1  C$main.c$328$1_0$200               main
     000004D4  A$lcc92440$909                     main
     000004D5  A$lcc92440$910                     main
     000004D8  A$lcc92440$911                     main
     000004D9  A$lcc92440$915                     main
     000004D9  C$main.c$329$1_0$200               main
     000004DC  A$lcc92440$916                     main
     000004DD  A$lcc92440$917                     main
     000004E0  A$lcc92440$918                     main
     000004E1  A$lcc92440$922                     main
     000004E1  C$main.c$330$1_0$200               main
     000004E4  A$lcc92440$923                     main
     000004E5  A$lcc92440$924                     main
     000004E8  A$lcc92440$925                     main
     000004E9  A$lcc92440$929                     main
     000004E9  C$main.c$331$1_0$200               main
     000004EC  A$lcc92440$930                     main
     000004ED  A$lcc92440$931                     main
     000004F0  A$lcc92440$932                     main
     000004F1  A$lcc92440$940                     main
     000004F1  C$main.c$333$1_0$200               main
     000004F1  XG$init_scene$0$0                  main
     000004F2  Fmain$__str_100$0_0$0              main
ASxxxx Linker V03.00/V05.40 + sdld,  page 11.
Hexadecimal  [32-Bits]

Area                                    Addr        Size        Decimal Bytes (Attributes)
--------------------------------        ----        ----        ------- ----- ------------
_CODE                               00000200    000009AA =        2474. bytes (REL,CON)

      Value  Global                              Global Defined In Module
      -----  --------------------------------   ------------------------
     00000501  Fmain$__str_101$0_0$0              main
     00000514  Fmain$__str_102$0_0$0              main
     0000051D  Fmain$__str_103$0_0$0              main
     00000528  Fmain$__str_104$0_0$0              main
     00000533  A$lcc92440$973                     main
     00000533  C$main.c$339$1_0$202               main
     00000533  C$main.c$341$1_0$202               main
     00000533  G$reset_stopwatch$0$0              main
     00000533  _reset_stopwatch                   main
     00000536  A$lcc92440$977                     main
     00000536  C$main.c$343$1_0$202               main
     00000539  A$lcc92440$978                     main
     0000053B  A$lcc92440$982                     main
     0000053B  C$main.c$345$1_0$202               main
     0000053E  A$lcc92440$983                     main
     00000540  A$lcc92440$987                     main
     00000540  C$main.c$346$1_0$202               main
     00000543  A$lcc92440$988                     main
     00000545  A$lcc92440$992                     main
     00000545  C$main.c$347$1_0$202               main
     00000548  A$lcc92440$993                     main
     0000054A  A$lcc92440$997                     main
     0000054A  C$main.c$349$1_0$202               main
     0000054D  A$lcc92440$998                     main
     0000054E  A$lcc92440$999                     main
     00000551  A$lcc92440$1000                    main
     00000552  A$lcc92440$1004                    main
     00000552  C$main.c$350$1_0$202               main
     00000555  A$lcc92440$1005                    main
     00000556  A$lcc92440$1006                    main
     00000559  A$lcc92440$1007                    main
     0000055A  A$lcc92440$1015                    main
     0000055A  C$main.c$352$1_0$202               main
     0000055A  XG$reset_stopwatch$0$0             main
     0000055B  Fmain$__str_105$0_0$0              main
     00000564  A$lcc92440$1032                    main
     00000564  C$main.c$354$1_0$204               main
     00000564  C$main.c$361$1_0$204               main
     00000564  G$pause_stopwatch$0$0              main
     00000564  _pause_stopwatch                   main
     00000565  A$lcc92440$1036                    main
     00000565  C$main.c$359$2_0$205               main
     00000566  A$lcc92440$1037                    main
     00000568  A$lcc92440$1041                    main
     00000568  C$main.c$360$2_0$205               main
     0000056B  A$lcc92440$1042                    main
     0000056D  A$lcc92440$1043                    main
     0000056E  A$lcc92440$1047                    main
     0000056E  C$main.c$363$1_0$204               main
     00000570  A$lcc92440$1048                    main
     00000572  A$lcc92440$1052                    main
ASxxxx Linker V03.00/V05.40 + sdld,  page 12.
Hexadecimal  [32-Bits]

Area                                    Addr        Size        Decimal Bytes (Attributes)
--------------------------------        ----        ----        ------- ----- ------------
_CODE                               00000200    000009AA =        2474. bytes (REL,CON)

      Value  Global                              Global Defined In Module
      -----  --------------------------------   ------------------------
     00000572  C$main.c$364$1_0$204               main
     00000575  A$lcc92440$1056                    main
     00000575  C$main.c$366$1_0$204               main
     00000578  A$lcc92440$1057                    main
     00000579  A$lcc92440$1058                    main
     0000057C  A$lcc92440$1059                    main
     0000057D  A$lcc92440$1063                    main
     0000057D  C$main.c$367$1_0$204               main
     00000580  A$lcc92440$1064                    main
     00000581  A$lcc92440$1065                    main
     00000584  A$lcc92440$1066                    main
     00000585  A$lcc92440$1070                    main
     00000585  C$main.c$368$1_0$204               main
     00000588  A$lcc92440$1071                    main
     00000589  A$lcc92440$1072                    main
     0000058C  A$lcc92440$1073                    main
     0000058D  A$lcc92440$1077                    main
     0000058D  C$main.c$369$1_0$204               main
     00000590  A$lcc92440$1078                    main
     00000591  A$lcc92440$1079                    main
     00000594  A$lcc92440$1080                    main
     00000595  A$lcc92440$1088                    main
     00000595  C$main.c$371$1_0$204               main
     00000595  XG$pause_stopwatch$0$0             main
     00000596  Fmain$__str_106$0_0$0              main
     0000059C  Fmain$__str_107$0_0$0              main
     000005A7  A$lcc92440$1109                    main
     000005A7  C$main.c$373$1_0$207               main
     000005A7  C$main.c$378$1_0$207               main
     000005A7  G$start_stopwatch$0$0              main
     000005A7  _start_stopwatch                   main
     000005A8  A$lcc92440$1113                    main
     000005A8  C$main.c$376$2_0$208               main
     000005AA  A$lcc92440$1114                    main
     000005AC  A$lcc92440$1118                    main
     000005AC  C$main.c$377$2_0$208               main
     000005AF  A$lcc92440$1119                    main
     000005B1  A$lcc92440$1120                    main
     000005B2  A$lcc92440$1124                    main
     000005B2  C$main.c$380$1_0$207               main
     000005B4  A$lcc92440$1125                    main
     000005B6  A$lcc92440$1129                    main
     000005B6  C$main.c$381$1_0$207               main
     000005B9  A$lcc92440$1133                    main
     000005B9  C$main.c$383$1_0$207               main
     000005BC  A$lcc92440$1134                    main
     000005BD  A$lcc92440$1135                    main
     000005C0  A$lcc92440$1136                    main
     000005C1  A$lcc92440$1140                    main
     000005C1  C$main.c$384$1_0$207               main
     000005C4  A$lcc92440$1141                    main
ASxxxx Linker V03.00/V05.40 + sdld,  page 13.
Hexadecimal  [32-Bits]

Area                                    Addr        Size        Decimal Bytes (Attributes)
--------------------------------        ----        ----        ------- ----- ------------
_CODE                               00000200    000009AA =        2474. bytes (REL,CON)

      Value  Global                              Global Defined In Module
      -----  --------------------------------   ------------------------
     000005C5  A$lcc92440$1142                    main
     000005C8  A$lcc92440$1143                    main
     000005C9  A$lcc92440$1147                    main
     000005C9  C$main.c$385$1_0$207               main
     000005CC  A$lcc92440$1148                    main
     000005CD  A$lcc92440$1149                    main
     000005D0  A$lcc92440$1150                    main
     000005D1  A$lcc92440$1154                    main
     000005D1  C$main.c$386$1_0$207               main
     000005D4  A$lcc92440$1155                    main
     000005D5  A$lcc92440$1156                    main
     000005D8  A$lcc92440$1157                    main
     000005D9  A$lcc92440$1165                    main
     000005D9  C$main.c$388$1_0$207               main
     000005D9  XG$start_stopwatch$0$0             main
     000005DA  Fmain$__str_108$0_0$0              main
     000005E0  Fmain$__str_109$0_0$0              main
     000005EB  A$lcc92440$1183                    main
     000005EB  C$main.c$390$1_0$210               main
     000005EB  G$handle_inputs$0$0                main
     000005EB  _handle_inputs                     main
     000005EC  A$lcc92440$1187                    main
     000005EC  C$main.c$393$1_0$210               main
     000005EF  A$lcc92440$1188                    main
     000005F1  A$lcc92440$1189                    main
     000005F2  A$lcc92440$1193                    main
     000005F2  C$main.c$395$1_0$210               main
     000005F5  A$lcc92440$1194                    main
     000005F7  A$lcc92440$1195                    main
     000005F9  A$lcc92440$1196                    main
     000005FC  A$lcc92440$1197                    main
     000005FE  A$lcc92440$1198                    main
     00000600  A$lcc92440$1202                    main
     00000600  C$main.c$396$2_0$211               main
     00000603  A$lcc92440$1203                    main
     00000605  A$lcc92440$1204                    main
     00000607  A$lcc92440$1205                    main
     0000060A  A$lcc92440$1206                    main
     0000060C  A$lcc92440$1211                    main
     0000060C  C$main.c$397$2_0$211               main
     0000060F  A$lcc92440$1216                    main
     0000060F  C$main.c$399$1_0$210               main
     00000612  A$lcc92440$1217                    main
     00000614  A$lcc92440$1218                    main
     00000616  A$lcc92440$1219                    main
     00000619  A$lcc92440$1220                    main
     0000061B  A$lcc92440$1221                    main
     0000061D  A$lcc92440$1222                    main
     00000620  A$lcc92440$1223                    main
     00000622  A$lcc92440$1224                    main
     00000624  A$lcc92440$1228                    main
ASxxxx Linker V03.00/V05.40 + sdld,  page 14.
Hexadecimal  [32-Bits]

Area                                    Addr        Size        Decimal Bytes (Attributes)
--------------------------------        ----        ----        ------- ----- ------------
_CODE                               00000200    000009AA =        2474. bytes (REL,CON)

      Value  Global                              Global Defined In Module
      -----  --------------------------------   ------------------------
     00000624  C$main.c$400$2_0$212               main
     00000627  A$lcc92440$1233                    main
     00000627  C$main.c$403$1_0$210               main
     00000629  A$lcc92440$1234                    main
     0000062A  A$lcc92440$1235                    main
     0000062D  A$lcc92440$1239                    main
     0000062E  A$lcc92440$1244                    main
     0000062E  C$main.c$405$1_0$210               main
     0000062E  XG$handle_inputs$0$0               main
     0000062F  A$lcc92440$1257                    main
     0000062F  C$main.c$425$1_0$216               main
     0000062F  C$main.c$427$1_0$216               main
     0000062F  G$handle_stopwatch$0$0             main
     0000062F  _handle_stopwatch                  main
     00000632  A$lcc92440$1258                    main
     00000634  A$lcc92440$1259                    main
     00000635  A$lcc92440$1261                    main
     00000638  A$lcc92440$1262                    main
     00000639  A$lcc92440$1263                    main
     0000063B  A$lcc92440$1264                    main
     0000063C  A$lcc92440$1265                    main
     0000063D  A$lcc92440$1266                    main
     0000063E  A$lcc92440$1267                    main
     0000063F  A$lcc92440$1268                    main
     00000642  A$lcc92440$1269                    main
     00000643  A$lcc92440$1270                    main
     00000644  A$lcc92440$1271                    main
     00000646  A$lcc92440$1272                    main
     00000647  A$lcc92440$1273                    main
     0000064A  A$lcc92440$1274                    main
     0000064B  A$lcc92440$1275                    main
     0000064E  A$lcc92440$1276                    main
     0000064F  A$lcc92440$1277                    main
     00000650  A$lcc92440$1278                    main
     00000653  A$lcc92440$1280                    main
     00000656  A$lcc92440$1281                    main
     00000657  A$lcc92440$1282                    main
     00000659  A$lcc92440$1283                    main
     0000065A  A$lcc92440$1284                    main
     0000065B  A$lcc92440$1285                    main
     0000065C  A$lcc92440$1286                    main
     0000065D  A$lcc92440$1287                    main
     00000660  A$lcc92440$1288                    main
     00000661  A$lcc92440$1289                    main
     00000662  A$lcc92440$1290                    main
     00000663  A$lcc92440$1291                    main
     00000665  A$lcc92440$1292                    main
     00000666  A$lcc92440$1293                    main
     00000669  A$lcc92440$1294                    main
     0000066A  A$lcc92440$1295                    main
     0000066D  A$lcc92440$1296                    main
ASxxxx Linker V03.00/V05.40 + sdld,  page 15.
Hexadecimal  [32-Bits]

Area                                    Addr        Size        Decimal Bytes (Attributes)
--------------------------------        ----        ----        ------- ----- ------------
_CODE                               00000200    000009AA =        2474. bytes (REL,CON)

      Value  Global                              Global Defined In Module
      -----  --------------------------------   ------------------------
     0000066E  A$lcc92440$1297                    main
     0000066F  A$lcc92440$1298                    main
     00000672  A$lcc92440$1300                    main
     00000675  A$lcc92440$1301                    main
     00000677  A$lcc92440$1302                    main
     00000679  A$lcc92440$1303                    main
     0000067B  A$lcc92440$1304                    main
     0000067C  A$lcc92440$1305                    main
     0000067F  A$lcc92440$1306                    main
     00000680  A$lcc92440$1307                    main
     00000683  A$lcc92440$1308                    main
     00000684  A$lcc92440$1309                    main
     00000685  A$lcc92440$1310                    main
     00000688  A$lcc92440$1312                    main
     0000068B  A$lcc92440$1313                    main
     0000068D  A$lcc92440$1314                    main
     0000068F  A$lcc92440$1315                    main
     00000690  A$lcc92440$1316                    main
     00000693  A$lcc92440$1317                    main
     00000694  A$lcc92440$1318                    main
     00000697  A$lcc92440$1319                    main
     00000698  A$lcc92440$1320                    main
     00000699  A$lcc92440$1321                    main
     0000069C  A$lcc92440$1323                    main
     0000069F  A$lcc92440$1324                    main
     000006A1  A$lcc92440$1325                    main
     000006A3  A$lcc92440$1326                    main
     000006A5  A$lcc92440$1327                    main
     000006A6  A$lcc92440$1328                    main
     000006A9  A$lcc92440$1329                    main
     000006AA  A$lcc92440$1330                    main
     000006AD  A$lcc92440$1331                    main
     000006AE  A$lcc92440$1332                    main
     000006AF  A$lcc92440$1333                    main
     000006B2  A$lcc92440$1335                    main
     000006B5  A$lcc92440$1336                    main
     000006B7  A$lcc92440$1337                    main
     000006B9  A$lcc92440$1338                    main
     000006BA  A$lcc92440$1339                    main
     000006BD  A$lcc92440$1340                    main
     000006BE  A$lcc92440$1341                    main
     000006C1  A$lcc92440$1342                    main
     000006C2  A$lcc92440$1343                    main
     000006C3  A$lcc92440$1344                    main
     000006C6  A$lcc92440$1348                    main
     000006C6  C$main.c$430$2_0$217               main
     000006C9  A$lcc92440$1349                    main
     000006CB  A$lcc92440$1350                    main
     000006CC  A$lcc92440$1354                    main
     000006CC  C$main.c$431$3_0$218               main
     000006CE  A$lcc92440$1355                    main
ASxxxx Linker V03.00/V05.40 + sdld,  page 16.
Hexadecimal  [32-Bits]

Area                                    Addr        Size        Decimal Bytes (Attributes)
--------------------------------        ----        ----        ------- ----- ------------
_CODE                               00000200    000009AA =        2474. bytes (REL,CON)

      Value  Global                              Global Defined In Module
      -----  --------------------------------   ------------------------
     000006D0  A$lcc92440$1359                    main
     000006D0  C$main.c$432$3_0$218               main
     000006D3  A$lcc92440$1363                    main
     000006D3  C$main.c$433$3_0$218               main
     000006D6  A$lcc92440$1364                    main
     000006D8  A$lcc92440$1372                    main
     000006D8  C$main.c$437$1_0$216               main
     000006D8  XG$handle_stopwatch$0$0            main
     000006D9  A$lcc92440$1385                    main
     000006D9  C$main.c$443$1_0$223               main
     000006D9  C$main.c$445$1_0$223               main
     000006D9  G$init_game$0$0                    main
     000006D9  _init_game                         main
     000006DC  A$lcc92440$1389                    main
     000006DC  C$main.c$446$1_0$223               main
     000006DF  A$lcc92440$1390                    main
     000006E0  A$lcc92440$1391                    main
     000006E3  A$lcc92440$1392                    main
     000006E4  A$lcc92440$1393                    main
     000006E7  A$lcc92440$1394                    main
     000006E8  A$lcc92440$1395                    main
     000006E9  A$lcc92440$1396                    main
     000006EA  A$lcc92440$1400                    main
     000006EA  C$main.c$448$1_0$223               main
     000006ED  A$lcc92440$1404                    main
     000006ED  C$main.c$449$1_0$223               main
     000006F0  A$lcc92440$1415                    main
     000006F0  C$main.c$451$1_0$223               main
     000006F0  C$main.c$453$1_0$223               main
     000006F0  XG$init_game$0$0                   main
     000006F3  A$lcc92440$1428                    main
     000006F3  C$main.c$459$1_0$225               main
     000006F3  C$main.c$461$1_0$225               main
     000006F3  G$main$0$0                         main
     000006F3  _main                              main
     000006F6  A$lcc92440$1432                    main
     000006F6  C$main.c$462$1_0$225               main
     000006F9  A$lcc92440$1440                    main
     000006F9  C$main.c$464$1_0$225               main
     000006F9  C$main.c$465$2_0$226               main
     000006FC  A$lcc92440$1444                    main
     000006FC  C$main.c$466$2_0$226               main
     000006FF  A$lcc92440$1448                    main
     000006FF  C$main.c$467$2_0$226               main
     00000702  A$lcc92440$1456                    main
     00000702  C$main.c$470$1_0$225               main
     00000702  XG$main$0$0                        main
     00000704  _set_vram_byte                     
     0000070D  _set_win_tile_xy                   
     00000716  _set_bkg_tile_xy                   
     00000745  _printf                            printf
ASxxxx Linker V03.00/V05.40 + sdld,  page 17.
Hexadecimal  [32-Bits]

Area                                    Addr        Size        Decimal Bytes (Attributes)
--------------------------------        ----        ----        ------- ----- ------------
_CODE                               00000200    000009AA =        2474. bytes (REL,CON)

      Value  Global                              Global Defined In Module
      -----  --------------------------------   ------------------------
     0000075A  _cpu_slow                          CGB
     00000775  _cpu_fast                          CGB
     0000077C  _get_win_xy_addr                   
     00000784  _get_bkg_xy_addr                   
     000007A3  _cgb_compatibility                 CGB
     000007A3  _set_default_palette               CGB
     000007BC  _set_sprite_palette                CGB
     000007C1  _set_bkg_palette                   CGB
     000007C4  .set_palette                       CGB
     000007E3  _set_sprite_palette_entry          CGB
     000007E8  _set_bkg_palette_entry             CGB
     000007EB  .set_palette_entry                 CGB
     0000083E  ___printf                          sprintf
     00000B89  _sprintf                           sprintf

ASxxxx Linker V03.00/V05.40 + sdld,  page 18.
Hexadecimal  [32-Bits]

Area                                    Addr        Size        Decimal Bytes (Attributes)
--------------------------------        ----        ----        ------- ----- ------------
_HEADER0                            00000000    00000001 =           1. bytes (ABS,CON)

      Value  Global                              Global Defined In Module
      -----  --------------------------------   ------------------------
     00000020  .call_hl                           Runtime

ASxxxx Linker V03.00/V05.40 + sdld,  page 19.
Hexadecimal  [32-Bits]

Area                                    Addr        Size        Decimal Bytes (Attributes)
--------------------------------        ----        ----        ------- ----- ------------
_HEADER1                            00000000    00000005 =           5. bytes (ABS,CON)

      Value  Global                              Global Defined In Module
      -----  --------------------------------   ------------------------
     00000028  .MemsetSmall                       Runtime

ASxxxx Linker V03.00/V05.40 + sdld,  page 20.
Hexadecimal  [32-Bits]

Area                                    Addr        Size        Decimal Bytes (Attributes)
--------------------------------        ----        ----        ------- ----- ------------
_HEADER2                            00000000    00000007 =           7. bytes (ABS,CON)

      Value  Global                              Global Defined In Module
      -----  --------------------------------   ------------------------
     00000030  .MemcpySmall                       Runtime

ASxxxx Linker V03.00/V05.40 + sdld,  page 21.
Hexadecimal  [32-Bits]

Area                                    Addr        Size        Decimal Bytes (Attributes)
--------------------------------        ----        ----        ------- ----- ------------
_HEADER3                            00000000    00000008 =           8. bytes (ABS,CON)

      Value  Global                              Global Defined In Module
      -----  --------------------------------   ------------------------
ASxxxx Linker V03.00/V05.40 + sdld,  page 22.
Hexadecimal  [32-Bits]

Area                                    Addr        Size        Decimal Bytes (Attributes)
--------------------------------        ----        ----        ------- ----- ------------
_HEADER4                            00000000    00000060 =          96. bytes (ABS,CON)

      Value  Global                              Global Defined In Module
      -----  --------------------------------   ------------------------
     00000080  .int                               Runtime
     0000008F  _wait_int_handler                  Runtime
     0000009C  __standard_VBL_handler             Runtime
     000000AB  _refresh_OAM                       Runtime
     000000CC  _set_interrupts                    Runtime

ASxxxx Linker V03.00/V05.40 + sdld,  page 23.
Hexadecimal  [32-Bits]

Area                                    Addr        Size        Decimal Bytes (Attributes)
--------------------------------        ----        ----        ------- ----- ------------
_HEADER5                            00000000    00000001 =           1. bytes (ABS,CON)

      Value  Global                              Global Defined In Module
      -----  --------------------------------   ------------------------
ASxxxx Linker V03.00/V05.40 + sdld,  page 24.
Hexadecimal  [32-Bits]

Area                                    Addr        Size        Decimal Bytes (Attributes)
--------------------------------        ----        ----        ------- ----- ------------
_HEADER6                            00000000    00000002 =           2. bytes (ABS,CON)

      Value  Global                              Global Defined In Module
      -----  --------------------------------   ------------------------
ASxxxx Linker V03.00/V05.40 + sdld,  page 25.
Hexadecimal  [32-Bits]

Area                                    Addr        Size        Decimal Bytes (Attributes)
--------------------------------        ----        ----        ------- ----- ------------
_HEADER7                            00000000    00000030 =          48. bytes (ABS,CON)

      Value  Global                              Global Defined In Module
      -----  --------------------------------   ------------------------
ASxxxx Linker V03.00/V05.40 + sdld,  page 26.
Hexadecimal  [32-Bits]

Area                                    Addr        Size        Decimal Bytes (Attributes)
--------------------------------        ----        ----        ------- ----- ------------
_HEADER8                            00000000    00000006 =           6. bytes (ABS,CON)

      Value  Global                              Global Defined In Module
      -----  --------------------------------   ------------------------
ASxxxx Linker V03.00/V05.40 + sdld,  page 27.
Hexadecimal  [32-Bits]

Area                                    Addr        Size        Decimal Bytes (Attributes)
--------------------------------        ----        ----        ------- ----- ------------
_HEADER9                            00000000    00000003 =           3. bytes (ABS,CON)

      Value  Global                              Global Defined In Module
      -----  --------------------------------   ------------------------
ASxxxx Linker V03.00/V05.40 + sdld,  page 28.
Hexadecimal  [32-Bits]

Area                                    Addr        Size        Decimal Bytes (Attributes)
--------------------------------        ----        ----        ------- ----- ------------
_HEADERa                            00000000    00000001 =           1. bytes (ABS,CON)

      Value  Global                              Global Defined In Module
      -----  --------------------------------   ------------------------
ASxxxx Linker V03.00/V05.40 + sdld,  page 29.
Hexadecimal  [32-Bits]

Area                                    Addr        Size        Decimal Bytes (Attributes)
--------------------------------        ----        ----        ------- ----- ------------
_HEADERb                            00000000    00000001 =           1. bytes (ABS,CON)

      Value  Global                              Global Defined In Module
      -----  --------------------------------   ------------------------
ASxxxx Linker V03.00/V05.40 + sdld,  page 30.
Hexadecimal  [32-Bits]

Area                                    Addr        Size        Decimal Bytes (Attributes)
--------------------------------        ----        ----        ------- ----- ------------
_HEADERc                            00000000    00000001 =           1. bytes (ABS,CON)

      Value  Global                              Global Defined In Module
      -----  --------------------------------   ------------------------
ASxxxx Linker V03.00/V05.40 + sdld,  page 31.
Hexadecimal  [32-Bits]

Area                                    Addr        Size        Decimal Bytes (Attributes)
--------------------------------        ----        ----        ------- ----- ------------
_HEADERd                            00000000    00000002 =           2. bytes (ABS,CON)

      Value  Global                              Global Defined In Module
      -----  --------------------------------   ------------------------
ASxxxx Linker V03.00/V05.40 + sdld,  page 32.
Hexadecimal  [32-Bits]

Area                                    Addr        Size        Decimal Bytes (Attributes)
--------------------------------        ----        ----        ------- ----- ------------
_HEADERe                            00000000    00000001 =           1. bytes (ABS,CON)

      Value  Global                              Global Defined In Module
      -----  --------------------------------   ------------------------
ASxxxx Linker V03.00/V05.40 + sdld,  page 33.
Hexadecimal  [32-Bits]

Area                                    Addr        Size        Decimal Bytes (Attributes)
--------------------------------        ----        ----        ------- ----- ------------
_HEADERf                            00000000    00000001 =           1. bytes (ABS,CON)

      Value  Global                              Global Defined In Module
      -----  --------------------------------   ------------------------
ASxxxx Linker V03.00/V05.40 + sdld,  page 34.
Hexadecimal  [32-Bits]

Area                                    Addr        Size        Decimal Bytes (Attributes)
--------------------------------        ----        ----        ------- ----- ------------
_HEADER10                           00000000    00000002 =           2. bytes (ABS,CON)

      Value  Global                              Global Defined In Module
      -----  --------------------------------   ------------------------
ASxxxx Linker V03.00/V05.40 + sdld,  page 35.
Hexadecimal  [32-Bits]

Area                                    Addr        Size        Decimal Bytes (Attributes)
--------------------------------        ----        ----        ------- ----- ------------
_HEADER11                           00000000    000000AB =         171. bytes (ABS,CON)

      Value  Global                              Global Defined In Module
      -----  --------------------------------   ------------------------
     00000150  .reset                             Runtime
     00000150  _reset                             Runtime
     00000157  .code_start                        Runtime
     000001B9  _exit                              Runtime
     000001BD  .wait_vbl_done                     Runtime
     000001BD  _vsync                             Runtime
     000001BD  _wait_vbl_done                     Runtime
     000001CD  .remove_VBL                        Runtime
     000001CD  _remove_VBL                        Runtime
     000001D0  .remove_int                        Runtime
     000001ED  .add_VBL                           Runtime
     000001ED  _add_VBL                           Runtime
     000001F0  .add_int                           Runtime

ASxxxx Linker V03.00/V05.40 + sdld,  page 36.
Hexadecimal  [32-Bits]

Area                                    Addr        Size        Decimal Bytes (Attributes)
--------------------------------        ----        ----        ------- ----- ------------
_HOME                               00000BAA    00000C1E =        3102. bytes (REL,CON)

      Value  Global                              Global Defined In Module
      -----  --------------------------------   ------------------------
     00000BAA  .memset_simple                     Runtime
     00000BB3  .memcpy_simple                     Runtime
     00000BD0  .display_off                       Runtime
     00000BD0  _display_off                       Runtime
     00000BE8  _font_load_ibm                     font.ms
     00000BEF  font_load                          font.ms
     00000C37  font_copy_current                  font.ms
     00000C6D  font_set                           font.ms
     00000C7A  .put_char                          font.ms
     00000C92  .out_char                          font.ms
     00000C98  .del_char                          font.ms
     00000CEE  _putchar                           font.ms
     00000CF7  _setchar                           font.ms
     00000D00  _font_load                         font.ms
     00000D0E  _font_set                          font.ms
     00000D1D  _font_init                         font.ms
     00000D3C  .cls                               font.ms
     00000D3C  _cls                               font.ms
     00000D5E  _gotoxy                            font.ms
     00000D69  _posx                              font.ms
     00000D7A  _posy                              font.ms
     00000DA2  .cr_curs                           font.ms
     00000DB7  .adv_curs                          font.ms
     00000E13  .tmode                             font.ms
     00000E30  .tmode_out                         font.ms
     00000E39  _add_TIM                           
     00000E3C  _font_spect                        font_spect
     000011BE  _set_tile_data                     
     000011C3  _set_bkg_data                      
     000011C3  _set_win_data                      
     000011CB  _set_sprite_data                   
     000011FB  .add_TIM                           
     00001201  .remove_TIM                        
     00001201  _remove_TIM                        
     00001207  _init_win                          
     00001210  _init_bkg                          
     00001219  _vmemset                           
     0000122A  .padup                             
     0000122A  _waitpadup                         
     0000123A  .jpad                              
     0000123A  _joypad                            
     00001262  _waitpad                           
     00001263  .wait_pad                          
     0000126A  _color                             
     0000126A  _set_1bpp_colors_ex                
     00001279  .drawing_lcd                       
     00001296  _font_ibm                          
     00001677  .add_LCD                           
     00001677  _add_LCD                           
     0000167D  .remove_LCD                        
ASxxxx Linker V03.00/V05.40 + sdld,  page 37.
Hexadecimal  [32-Bits]

Area                                    Addr        Size        Decimal Bytes (Attributes)
--------------------------------        ----        ----        ------- ----- ------------
_HOME                               00000BAA    00000C1E =        3102. bytes (REL,CON)

      Value  Global                              Global Defined In Module
      -----  --------------------------------   ------------------------
     0000167D  _remove_LCD                        
     00001683  .init_wtt                          
     0000168B  .init_btt                          
     00001699  .init_tt                           
     0000169C  .init_vram                         
     000016C1  _set_bkg_1bpp_data                 
     000016C1  _set_win_1bpp_data                 
     000016C9  _set_sprite_1bpp_data              
     00001721  _uitoa                             itoa
     00001730  _itoa                              itoa
     0000173F  .itoa                              itoa
     00001753  .utoa                              itoa
     000017C7  ___sdcc_call_hl                    call_hl
ASxxxx Linker V03.00/V05.40 + sdld,  page 38.
Hexadecimal  [32-Bits]

Area                                    Addr        Size        Decimal Bytes (Attributes)
--------------------------------        ----        ----        ------- ----- ------------
_INITIALIZER                        000017C8    00000005 =           5. bytes (REL,CON)

      Value  Global                              Global Defined In Module
      -----  --------------------------------   ------------------------
ASxxxx Linker V03.00/V05.40 + sdld,  page 39.
Hexadecimal  [32-Bits]

Area                                    Addr        Size        Decimal Bytes (Attributes)
--------------------------------        ----        ----        ------- ----- ------------
_GSINIT                             000017CD    00000011 =          17. bytes (REL,CON)

      Value  Global                              Global Defined In Module
      -----  --------------------------------   ------------------------
     000017CD  gsinit                             Runtime
     000017D9  A$lcc92440$108                     main
     000017D9  C$main.c$392$1_0$210               main
     000017DC  A$lcc92440$109                     main

ASxxxx Linker V03.00/V05.40 + sdld,  page 40.
Hexadecimal  [32-Bits]

Area                                    Addr        Size        Decimal Bytes (Attributes)
--------------------------------        ----        ----        ------- ----- ------------
_GSFINAL                            000017DE    00000001 =           1. bytes (REL,CON)

      Value  Global                              Global Defined In Module
      -----  --------------------------------   ------------------------
ASxxxx Linker V03.00/V05.40 + sdld,  page 41.
Hexadecimal  [32-Bits]

Area                                    Addr        Size        Decimal Bytes (Attributes)
--------------------------------        ----        ----        ------- ----- ------------
_DATA                               0000C0A0    00000043 =          67. bytes (REL,CON)

      Value  Global                              Global Defined In Module
      -----  --------------------------------   ------------------------
     0000C0A0  __cpu                              Runtime
     0000C0A1  __is_GBA                           Runtime
     0000C0A2  .mode                              Runtime
     0000C0A3  .sys_time                          Runtime
     0000C0A3  _sys_time                          Runtime
     0000C0A5  .int_0x40                          Runtime
     0000C0B1  G$is_gbc$0_0$0                     main
     0000C0B1  _is_gbc                            main
     0000C0B2  G$is_cpu_fast$0_0$0                main
     0000C0B2  _is_cpu_fast                       main
     0000C0B3  G$font$0_0$0                       main
     0000C0B3  _font                              main
     0000C0B5  G$stopwatch$0_0$0                  main
     0000C0B5  _stopwatch                         main
     0000C0B6  G$play_tick_sfx$0_0$0              main
     0000C0B6  _play_tick_sfx                     main
     0000C0B7  G$minutes$0_0$0                    main
     0000C0B7  _minutes                           main
     0000C0B8  G$seconds$0_0$0                    main
     0000C0B8  _seconds                           main
     0000C0B9  G$hundredths$0_0$0                 main
     0000C0B9  _hundredths                        main
     0000C0BA  Lmain.handle_inputs$prev_joypad$   main
     0000C0BB  font_current                       font.ms
     0000C0BE  font_first_free_tile               font.ms
     0000C0BF  font_table                         font.ms
     0000C0D1  .int_0x50                          
     0000C0DB  .int_0x48                          

ASxxxx Linker V03.00/V05.40 + sdld,  page 42.
Hexadecimal  [32-Bits]

Area                                    Addr        Size        Decimal Bytes (Attributes)
--------------------------------        ----        ----        ------- ----- ------------
_INITIALIZED                        0000C0E3    00000005 =           5. bytes (REL,CON)

      Value  Global                              Global Defined In Module
      -----  --------------------------------   ------------------------
     0000C0E3  .curx                              font.ms
     0000C0E4  .cury                              font.ms
     0000C0E5  .fg_colour                         
     0000C0E5  __current_1bpp_colors              
     0000C0E6  .bg_colour                         
     0000C0E7  .draw_mode                         
ASxxxx Linker V03.00/V05.40 + sdld,  page 43.
Hexadecimal  [32-Bits]

Area                                    Addr        Size        Decimal Bytes (Attributes)
--------------------------------        ----        ----        ------- ----- ------------
_HRAM12                             00000000    00000003 =           3. bytes (ABS,CON)

      Value  Global                              Global Defined In Module
      -----  --------------------------------   ------------------------
     0000FF90  __current_bank                     Runtime
     0000FF92  __shadow_OAM_base                  Runtime

ASxxxx Linker V03.00/V05.40 + sdld,  page 44.
Hexadecimal  [32-Bits]

Area                                    Addr        Size        Decimal Bytes (Attributes)
--------------------------------        ----        ----        ------- ----- ------------
_FONT_HEADER0                       00000000    00000003 =           3. bytes (ABS,CON)

      Value  Global                              Global Defined In Module
      -----  --------------------------------   ------------------------
ASxxxx Linker V03.00/V05.40 + sdld,  page 45.
Hexadecimal  [32-Bits]

Area                                    Addr        Size        Decimal Bytes (Attributes)
--------------------------------        ----        ----        ------- ----- ------------
_HEADER_TIM0                        00000000    00000008 =           8. bytes (ABS,CON)

      Value  Global                              Global Defined In Module
      -----  --------------------------------   ------------------------
ASxxxx Linker V03.00/V05.40 + sdld,  page 46.
Hexadecimal  [32-Bits]

Area                                    Addr        Size        Decimal Bytes (Attributes)
--------------------------------        ----        ----        ------- ----- ------------
_HEADER_LCD0                        00000000    00000003 =           3. bytes (ABS,CON)

      Value  Global                              Global Defined In Module
      -----  --------------------------------   ------------------------
ASxxxx Linker V03.00/V05.40 + sdld,  page 47.

Files Linked                              [ module(s) ]

C:\Users\Spenser\Home\dev\tools\gbdk\lib/gb/crt0.o
                                          [ Runtime ]
C:\Users\Spenser\AppData\Local\Temp/lcc92440.o
                                          [ main ]


Libraries Linked                          [ object file ]

C:\Users\Spenser\Home\dev\tools\gbdk\lib/gb/gb.lib
                                          [ font.o ]
C:\Users\Spenser\Home\dev\tools\gbdk\lib/gb/gb.lib
                                          [ tim.o ]
C:\Users\Spenser\Home\dev\tools\gbdk\lib/gb/gb.lib
                                          [ set_tile.o ]
C:\Users\Spenser\Home\dev\tools\gbdk\lib/gb/gb.lib
                                          [ f_spect.o ]
C:\Users\Spenser\Home\dev\tools\gbdk\lib/gb/gb.lib
                                          [ set_data.o ]
C:\Users\Spenser\Home\dev\tools\gbdk\lib/gb/gb.lib
                                          [ sfr.o ]
C:\Users\Spenser\Home\dev\tools\gbdk\lib/gb/gb.lib
                                          [ tim_common.o ]
C:\Users\Spenser\Home\dev\tools\gbdk\lib/gb/gb.lib
                                          [ init_vram.o ]
C:\Users\Spenser\Home\dev\tools\gbdk\lib/gb/gb.lib
                                          [ pad.o ]
C:\Users\Spenser\Home\dev\tools\gbdk\lib/gb/gb.lib
                                          [ color.o ]
C:\Users\Spenser\Home\dev\tools\gbdk\lib/gb/gb.lib
                                          [ drawing_isr.o ]
C:\Users\Spenser\Home\dev\tools\gbdk\lib/gb/gb.lib
                                          [ f_ibm_sh.o ]
C:\Users\Spenser\Home\dev\tools\gbdk\lib/gb/gb.lib
                                          [ lcd.o ]
C:\Users\Spenser\Home\dev\tools\gbdk\lib/sm83/sm83.lib
                                          [ printf.o ]
C:\Users\Spenser\Home\dev\tools\gbdk\lib/gb/gb.lib
                                          [ cgb.o ]
C:\Users\Spenser\Home\dev\tools\gbdk\lib/gb/gb.lib
                                          [ init_tt.o ]
C:\Users\Spenser\Home\dev\tools\gbdk\lib/gb/gb.lib
                                          [ get_addr.o ]
C:\Users\Spenser\Home\dev\tools\gbdk\lib/gb/gb.lib
                                          [ cgb_compat.o ]
C:\Users\Spenser\Home\dev\tools\gbdk\lib/gb/gb.lib
                                          [ set_1bit_data.o ]
C:\Users\Spenser\Home\dev\tools\gbdk\lib/gb/gb.lib
                                          [ cgb_palettes.o ]
C:\Users\Spenser\Home\dev\tools\gbdk\lib/sm83/sm83.lib
                                          [ sprintf.o ]
C:\Users\Spenser\Home\dev\tools\gbdk\lib/sm83/sm83.lib
                                          [ itoa.o ]
C:\Users\Spenser\Home\dev\tools\gbdk\lib/sm83/sm83.lib
                                          [ __sdcc_call_hl.o ]

ASxxxx Linker V03.00/V05.40 + sdld,  page 48.

User Base Address Definitions

_DATA=0xC0A0
_CODE=0x0200
ASxxxx Linker V03.00/V05.40 + sdld,  page 49.

User Global Definitions

_shadow_OAM=0xC000
.STACK=0xE000
.refresh_OAM=0xFF80

